[2026-05-23T07:16:55.933Z] INFO TEST: TRADE FILLED object_type=SYSTEM_EVENT object_id=bottom-right user_id=default message="Test: TRADE FILLED" type=info notification=true need_refresh=false comp_refresh=false position=bottom-right _force_toast=true _force_ticker=true _force_sound=true _force_db_log=true
[2026-05-23T07:17:00.610Z] INFO TEST: TRADE FILLED object_type=SYSTEM_EVENT object_id=bottom-right user_id=default message="Test: TRADE FILLED" type=info notification=true need_refresh=false comp_refresh=false position=bottom-right _force_toast=true _force_ticker=true _force_sound=true _force_db_log=true
[2026-05-23T07:17:02.177Z] INFO TEST: TRADE FILLED object_type=SYSTEM_EVENT object_id=bottom-right user_id=default message="Test: TRADE FILLED" type=info notification=true need_refresh=false comp_refresh=false position=bottom-right _force_toast=true _force_ticker=true _force_sound=true _force_db_log=true
[2026-05-23T07:17:05.558Z] INFO TEST: TRADE CLOSED object_type=SYSTEM_EVENT object_id=bottom-right user_id=default message="Test: TRADE CLOSED" type=info notification=true need_refresh=false comp_refresh=false position=bottom-right _force_toast=true _force_ticker=true _force_sound=true _force_db_log=true
[2026-05-23T07:17:06.740Z] INFO TEST: TRADE FILLED object_type=SYSTEM_EVENT object_id=bottom-right user_id=default message="Test: TRADE FILLED" type=info notification=true need_refresh=false comp_refresh=false position=bottom-right _force_toast=true _force_ticker=true _force_sound=true _force_db_log=true
[2026-05-23T07:17:47.076Z] INFO TEST: BROKER POLL object_type=SYSTEM_EVENT object_id=bottom-right user_id=default message="Test: BROKER POLL" type=info notification=true need_refresh=false comp_refresh=false position=bottom-right _force_toast=true _force_ticker=true _force_sound=true _force_db_log=true
[2026-05-23T07:17:56.953Z] INFO TEST: BROKER SYNC object_type=SYSTEM_EVENT object_id=bottom-right user_id=default message="Test: BROKER SYNC" type=info notification=true need_refresh=false comp_refresh=false position=bottom-right _force_toast=true _force_ticker=true _force_sound=true _force_db_log=true
[2026-05-23T07:18:01.043Z] INFO TEST: BROKER POLL object_type=SYSTEM_EVENT object_id=bottom-right user_id=default message="Test: BROKER POLL" type=info notification=true need_refresh=false comp_refresh=false position=bottom-right _force_toast=true _force_ticker=true _force_sound=true _force_db_log=true
[2026-05-23T07:18:03.095Z] INFO TEST: SIGNAL ADDED object_type=SYSTEM_EVENT object_id=bottom-right user_id=default message="Test: SIGNAL ADDED" type=info notification=true need_refresh=false comp_refresh=false position=bottom-right _force_toast=true _force_ticker=true _force_sound=true _force_db_log=true
[2026-05-23T07:18:11.740Z] INFO TEST: TRADE CLOSED object_type=SYSTEM_EVENT object_id=bottom-right user_id=default message="Test: TRADE CLOSED" type=info notification=true need_refresh=false comp_refresh=false position=bottom-right _force_toast=true _force_ticker=true _force_sound=true _force_db_log=true
[2026-05-23T07:20:22.163Z] INFO TEST: TRADE FILLED object_type=SYSTEM_EVENT object_id=bottom-right user_id=default message="Test: TRADE FILLED" type=info notification=true need_refresh=false comp_refresh=false position=bottom-right _force_toast=true _force_ticker=true _force_sound=true _force_db_log=true
[2026-05-23T07:20:23.790Z] INFO TEST: TRADE CLOSED object_type=SYSTEM_EVENT object_id=bottom-right user_id=default message="Test: TRADE CLOSED" type=info notification=true need_refresh=false comp_refresh=false position=bottom-right _force_toast=true _force_ticker=true _force_sound=true _force_db_log=true
[2026-05-23T07:20:24.193Z] INFO TEST: SIGNAL ADDED object_type=SYSTEM_EVENT object_id=bottom-right user_id=default message="Test: SIGNAL ADDED" type=info notification=true need_refresh=false comp_refresh=false position=bottom-right _force_toast=true _force_ticker=true _force_sound=true _force_db_log=true
[2026-05-23T07:20:25.025Z] INFO TEST: BROKER POLL object_type=SYSTEM_EVENT object_id=bottom-right user_id=default message="Test: BROKER POLL" type=info notification=true need_refresh=false comp_refresh=false position=bottom-right _force_toast=true _force_ticker=true _force_sound=true _force_db_log=true
[2026-05-23T07:20:25.660Z] INFO TEST: SYSTEM EVENT object_type=SYSTEM_EVENT object_id=bottom-right user_id=default message="Test: SYSTEM EVENT" type=info notification=true need_refresh=false comp_refresh=false position=bottom-right _force_toast=true _force_ticker=true _force_sound=true _force_db_log=true
[2026-05-23T07:20:25.919Z] INFO TEST: SYSTEM EVENT object_type=SYSTEM_EVENT object_id=bottom-right user_id=default message="Test: SYSTEM EVENT" type=info notification=true need_refresh=false comp_refresh=false position=bottom-right _force_toast=true _force_ticker=true _force_sound=true _force_db_log=true
[2026-05-23T07:20:26.495Z] INFO TEST: REMOTE API CALL object_type=SYSTEM_EVENT object_id=bottom-right user_id=default message="Test: REMOTE API CALL" type=info notification=true need_refresh=false comp_refresh=false position=bottom-right _force_toast=true _force_ticker=true _force_sound=true _force_db_log=true
[2026-05-23T08:30:03.028Z] INFO TEST: TRADE FILLED object_type=SYSTEM_EVENT object_id=bottom-right user_id=default message="Test: TRADE FILLED" type=info notification=true need_refresh=false comp_refresh=false position=bottom-right _force_toast=true _force_ticker=true _force_sound=true _force_db_log=true
[2026-05-23T08:30:05.164Z] INFO TEST: TRADE CLOSED object_type=SYSTEM_EVENT object_id=bottom-right user_id=default message="Test: TRADE CLOSED" type=info notification=true need_refresh=false comp_refresh=false position=bottom-right _force_toast=true _force_ticker=true _force_sound=true _force_db_log=true
[2026-05-23T08:30:09.110Z] INFO TEST: BROKER POLL object_type=SYSTEM_EVENT object_id=bottom-right user_id=default message="Test: BROKER POLL" type=info notification=true need_refresh=false comp_refresh=false position=bottom-right _force_toast=true _force_ticker=true _force_sound=true _force_db_log=true
[2026-05-23T08:30:11.052Z] INFO TEST: BROKER SYNC object_type=SYSTEM_EVENT object_id=bottom-right user_id=default message="Test: BROKER SYNC" type=info notification=true need_refresh=false comp_refresh=false position=bottom-right _force_toast=true _force_ticker=true _force_sound=true _force_db_log=true
[2026-05-23T08:30:11.963Z] INFO TEST: SYSTEM EVENT object_type=SYSTEM_EVENT object_id=bottom-right user_id=default message="Test: SYSTEM EVENT" type=info notification=true need_refresh=false comp_refresh=false position=bottom-right _force_toast=true _force_ticker=true _force_sound=true _force_db_log=true
[2026-05-23T08:30:12.581Z] INFO TEST: REMOTE API CALL object_type=SYSTEM_EVENT object_id=bottom-right user_id=default message="Test: REMOTE API CALL" type=info notification=true need_refresh=false comp_refresh=false position=bottom-right _force_toast=true _force_ticker=true _force_sound=true _force_db_log=true
[2026-05-23T08:30:55.417Z] INFO TEST: TRADE CLOSED object_type=SYSTEM_EVENT object_id=bottom-right user_id=default message="Test: TRADE CLOSED" type=info notification=true need_refresh=false comp_refresh=false position=bottom-right _force_toast=true _force_ticker=true _force_sound=true _force_db_log=true
[2026-05-23T08:30:57.482Z] INFO TEST: SIGNAL ADDED object_type=SYSTEM_EVENT object_id=bottom-right user_id=default message="Test: SIGNAL ADDED" type=info notification=true need_refresh=false comp_refresh=false position=bottom-right _force_toast=true _force_ticker=true _force_sound=true _force_db_log=true
[2026-05-23T08:30:59.697Z] INFO TEST: TRADE FILLED object_type=SYSTEM_EVENT object_id=bottom-right user_id=default message="Test: TRADE FILLED" type=info notification=true need_refresh=false comp_refresh=false position=bottom-right _force_toast=true _force_ticker=true _force_sound=true _force_db_log=true
[2026-05-23T08:31:11.263Z] INFO TEST: TRADE FILLED object_type=SYSTEM_EVENT object_id=bottom-right user_id=default message="Test: TRADE FILLED" type=info notification=true need_refresh=false comp_refresh=false position=bottom-right _force_toast=true _force_ticker=true _force_sound=true _force_db_log=true
[2026-05-23T08:32:33.394Z] INFO 🧪 TEST NOTIFICATION — ALL CHANNELS FIRING object_type=SYSTEM_EVENT object_id=bottom-right user_id=default message="🧪 Test notification — all channels firing" type=info notification=true need_refresh=false comp_refresh=false position=bottom-right _force_toast=true _force_ticker=true _force_sound=true _force_db_log=true
[2026-05-23T09:20:50.165Z] INFO TEST: TRADE FILLED object_type=SYSTEM_EVENT object_id=bottom-right user_id=default message="Test: TRADE FILLED" type=info notification=true need_refresh=false comp_refresh=false position=bottom-right _force_toast=true _force_ticker=true _force_sound=true _force_db_log=true
[2026-05-23T09:20:55.661Z] INFO TEST: BROKER POLL object_type=SYSTEM_EVENT object_id=bottom-right user_id=default message="Test: BROKER POLL" type=info notification=true need_refresh=false comp_refresh=false position=bottom-right _force_toast=true _force_ticker=true _force_sound=true _force_db_log=true
[2026-05-23T09:21:00.518Z] INFO TEST: SYSTEM EVENT object_type=SYSTEM_EVENT object_id=bottom-right user_id=default message="Test: SYSTEM EVENT" type=info notification=true need_refresh=false comp_refresh=false position=bottom-right _force_toast=true _force_ticker=true _force_sound=true _force_db_log=true
[2026-05-23T09:21:05.193Z] INFO TEST: BROKER POLL object_type=SYSTEM_EVENT object_id=bottom-right user_id=default message="Test: BROKER POLL" type=info notification=true need_refresh=false comp_refresh=false position=bottom-right _force_toast=true _force_ticker=true _force_sound=true _force_db_log=true
[2026-05-23T09:25:45.921Z] INFO 🧪 TEST NOTIFICATION — ALL CHANNELS FIRING object_type=SYSTEM_EVENT object_id=bottom-right user_id=default message="🧪 Test notification — all channels firing" type=info need_refresh=false comp_refresh=false position=bottom-right
[2026-05-23T09:25:46.000Z] INFO 🧪 TEST NOTIFICATION — ALL CHANNELS FIRING object_type=SYSTEM_EVENT object_id=bottom-right user_id=default message="🧪 Test notification — all channels firing" type=info need_refresh=false comp_refresh=false position=bottom-right _force_toast=true _force_ticker=true _force_sound=true _force_db_log=true notification=true
[2026-05-23T09:54:42.557Z] INFO TEST: TRADE FILLED object_type=SYSTEM_EVENT object_id=bottom-right user_id=default message="Test: TRADE FILLED" type=info need_refresh=false comp_refresh=false position=bottom-right
[2026-05-23T09:54:44.787Z] INFO TEST: SIGNAL ADDED object_type=SYSTEM_EVENT object_id=bottom-right user_id=default message="Test: SIGNAL ADDED" type=info need_refresh=false comp_refresh=false position=bottom-right
[2026-05-23T09:54:50.430Z] INFO TEST: TRADE CLOSED object_type=SYSTEM_EVENT object_id=bottom-right user_id=default message="Test: TRADE CLOSED" type=info need_refresh=false comp_refresh=false position=bottom-right
[2026-05-23T09:55:24.921Z] INFO TEST: TRADE FILLED object_type=SYSTEM_EVENT object_id=bottom-right user_id=default message="Test: TRADE FILLED" type=info need_refresh=false comp_refresh=false position=bottom-right
[2026-05-23T09:55:32.518Z] INFO TEST: SYSTEM EVENT object_type=SYSTEM_EVENT object_id=bottom-right user_id=default message="Test: SYSTEM EVENT" type=info need_refresh=false comp_refresh=false position=bottom-right
[2026-05-23T09:55:33.442Z] INFO TEST: SYSTEM EVENT object_type=SYSTEM_EVENT object_id=bottom-right user_id=default message="Test: SYSTEM EVENT" type=info need_refresh=false comp_refresh=false position=bottom-right
[2026-05-23T09:55:36.049Z] INFO TEST: SIGNAL ADDED object_type=SYSTEM_EVENT object_id=bottom-right user_id=default message="Test: SIGNAL ADDED" type=info need_refresh=false comp_refresh=false position=bottom-right
[2026-05-23T09:55:38.775Z] INFO TEST: TRADE CLOSED object_type=SYSTEM_EVENT object_id=bottom-right user_id=default message="Test: TRADE CLOSED" type=info need_refresh=false comp_refresh=false position=bottom-right
[2026-05-23T09:55:40.746Z] INFO TEST: REMOTE API CALL object_type=SYSTEM_EVENT object_id=bottom-right user_id=default message="Test: REMOTE API CALL" type=info need_refresh=false comp_refresh=false position=bottom-right
[2026-05-23T09:55:41.091Z] INFO TEST: REMOTE API CALL object_type=SYSTEM_EVENT object_id=bottom-right user_id=default message="Test: REMOTE API CALL" type=info need_refresh=false comp_refresh=false position=bottom-right
[2026-05-23T09:55:46.626Z] INFO TEST: TRADE FILLED object_type=SYSTEM_EVENT object_id=bottom-right user_id=default message="Test: TRADE FILLED" type=info need_refresh=false comp_refresh=false position=bottom-right
[2026-05-23T09:55:48.174Z] INFO TEST: TRADE CLOSED object_type=SYSTEM_EVENT object_id=bottom-right user_id=default message="Test: TRADE CLOSED" type=info need_refresh=false comp_refresh=false position=bottom-right
[2026-05-23T09:56:34.208Z] INFO TEST: SIGNAL ADDED object_type=SYSTEM_EVENT object_id=bottom-right user_id=default message="Test: SIGNAL ADDED" type=info need_refresh=false comp_refresh=false position=bottom-right
[2026-05-23T09:56:35.302Z] INFO TEST: TRADE CLOSED object_type=SYSTEM_EVENT object_id=bottom-right user_id=default message="Test: TRADE CLOSED" type=info need_refresh=false comp_refresh=false position=bottom-right
[2026-05-23T10:00:25.693Z] INFO 🧪 TEST NOTIFICATION — ALL CHANNELS FIRING object_type=SYSTEM_EVENT object_id=bottom-right user_id=default message="🧪 Test notification — all channels firing" type=info need_refresh=false comp_refresh=false position=bottom-right
[2026-05-23T10:00:51.853Z] INFO TEST: TRADE FILLED object_type=SYSTEM_EVENT object_id=bottom-right user_id=default message="Test: TRADE FILLED" type=info need_refresh=false comp_refresh=false position=bottom-right
[2026-05-23T10:01:05.967Z] INFO TEST: TRADE CLOSED object_type=SYSTEM_EVENT object_id=bottom-right user_id=default message="Test: TRADE CLOSED" type=info need_refresh=false comp_refresh=false position=bottom-right
[2026-05-23T10:01:11.742Z] INFO TEST: TRADE CLOSED object_type=SYSTEM_EVENT object_id=bottom-right user_id=default message="Test: TRADE CLOSED" type=info need_refresh=false comp_refresh=false position=bottom-right
[2026-05-23T10:01:15.358Z] INFO TEST: REMOTE API CALL object_type=SYSTEM_EVENT object_id=bottom-right user_id=default message="Test: REMOTE API CALL" type=info need_refresh=false comp_refresh=false position=bottom-right
[2026-05-23T10:58:36.529Z] INFO TEST: TRADE FILLED object_type=SYSTEM_EVENT object_id=bottom-right user_id=default message="Test: TRADE FILLED" type=info need_refresh=false comp_refresh=false position=bottom-right
[2026-05-23T11:03:19.893Z] INFO TEST: TRADE FILLED object_type=SYSTEM_EVENT object_id=bottom-right user_id=default message="Test: TRADE FILLED" type=info need_refresh=false comp_refresh=false position=bottom-right
[2026-05-23T11:03:21.695Z] INFO TEST: TRADE CLOSED object_type=SYSTEM_EVENT object_id=bottom-right user_id=default message="Test: TRADE CLOSED" type=info need_refresh=false comp_refresh=false position=bottom-right
[2026-05-23T11:03:29.674Z] INFO TEST: TRADE FILLED object_type=SYSTEM_EVENT object_id=bottom-right user_id=default message="Test: TRADE FILLED" type=info need_refresh=false comp_refresh=false position=bottom-right
[2026-05-23T11:04:58.362Z] INFO 🧪 TEST NOTIFICATION — ALL CHANNELS FIRING object_type=SYSTEM_EVENT object_id=bottom-right user_id=default message="🧪 Test notification — all channels firing" type=info need_refresh=false comp_refresh=false position=bottom-right
[2026-05-23T11:05:51.951Z] INFO 🧪 TEST NOTIFICATION — ALL CHANNELS FIRING object_type=SYSTEM_EVENT object_id=bottom-right user_id=default message="🧪 Test notification — all channels firing" type=info need_refresh=false comp_refresh=false position=bottom-right
[2026-05-23T11:07:33.366Z] INFO TEST: TRADE CLOSED object_type=SYSTEM_EVENT object_id=bottom-right user_id=default message="Test: TRADE CLOSED" type=info need_refresh=false comp_refresh=false position=bottom-right
[2026-05-23T11:07:36.572Z] INFO TEST: SYSTEM EVENT object_type=SYSTEM_EVENT object_id=bottom-right user_id=default message="Test: SYSTEM EVENT" type=info need_refresh=false comp_refresh=false position=bottom-right
[2026-05-23T11:07:37.104Z] INFO TEST: REMOTE API CALL object_type=SYSTEM_EVENT object_id=bottom-right user_id=default message="Test: REMOTE API CALL" type=info need_refresh=false comp_refresh=false position=bottom-right
[2026-05-23T11:07:38.232Z] INFO TEST: TRADE FILLED object_type=SYSTEM_EVENT object_id=bottom-right user_id=default message="Test: TRADE FILLED" type=info need_refresh=false comp_refresh=false position=bottom-right
[2026-05-23T13:04:06.910Z] INFO GENERAL UPDATED object_type=SYSTEM_EVENT object_id=bottom-right user_id=default message="general updated" type=info notification=true need_refresh=false comp_refresh=false position=bottom-right
[2026-05-23T13:17:26.461Z] INFO TEST: TRADE FILLED object_type=SYSTEM_EVENT object_id=bottom-right user_id=default message="Test: TRADE FILLED" type=info need_refresh=false comp_refresh=false position=bottom-right
