[mt5-db] user_settings ai_template migration skipped: permission denied for table user_templates
UI auth enabled=true, user=hung.hoxuan@gmail.com, storage=postgres
MT5 bridge enabled=true, storage=postgres, target=postgresql://mt5_user:***@127.0.0.1:5432/mt5_bridge
MT5 prune enabled=true, days=14, intervalMinutes=60
telegram-trading-bot listening on http://0.0.0.0:80
[Cron][MarketData] BullMQ enabled=true concurrency=4
[Cron] Initializing master loop (1min cadence)
Binance mode=paper, cTrader mode=off
[NOTIFICATION][SYSTEM_EVENT] Cron OK (0s): nothing to run {"message":"Cron OK (0s): nothing to run","metadata":{"elapsed_sec":0,"events":[],"market_data":null,"ai_analysis":null},"event":"SYSTEM_EVENT_cron_tick","console_log":true,"ticker":false,"sound":null,"notification":true}
[NOTIFICATION][SYSTEM_EVENT] Cron OK (0s): nothing to run {"message":"Cron OK (0s): nothing to run","metadata":{"elapsed_sec":0,"events":[],"market_data":null,"ai_analysis":null},"event":"SYSTEM_EVENT_cron_tick","console_log":true,"ticker":false,"sound":null,"notification":true}
[NOTIFICATION][SYSTEM_EVENT] Cron OK (0s): nothing to run {"message":"Cron OK (0s): nothing to run","metadata":{"elapsed_sec":0,"events":[],"market_data":null,"ai_analysis":null},"event":"SYSTEM_EVENT_cron_tick","console_log":true,"ticker":false,"sound":null,"notification":true}
[NOTIFICATION][SYSTEM_EVENT] Cron OK (0s): nothing to run {"message":"Cron OK (0s): nothing to run","metadata":{"elapsed_sec":0,"events":[],"market_data":null,"ai_analysis":null},"event":"SYSTEM_EVENT_cron_tick","console_log":true,"ticker":false,"sound":null,"notification":true}
[NOTIFICATION][SYSTEM_EVENT] Cron OK (0s): nothing to run {"message":"Cron OK (0s): nothing to run","metadata":{"elapsed_sec":0,"events":[],"market_data":null,"ai_analysis":null},"event":"SYSTEM_EVENT_cron_tick","console_log":true,"ticker":false,"sound":null,"notification":true}
[NOTIFICATION][SYSTEM_EVENT] Cron OK (0s): nothing to run {"message":"Cron OK (0s): nothing to run","metadata":{"elapsed_sec":0,"events":[],"market_data":null,"ai_analysis":null},"event":"SYSTEM_EVENT_cron_tick","console_log":true,"ticker":false,"sound":null,"notification":true}
[NOTIFICATION][SYSTEM_EVENT] Cron OK (0s): nothing to run {"message":"Cron OK (0s): nothing to run","metadata":{"elapsed_sec":0,"events":[],"market_data":null,"ai_analysis":null},"event":"SYSTEM_EVENT_cron_tick","console_log":true,"ticker":false,"sound":null,"notification":true}
[NOTIFICATION][SYSTEM_EVENT] Cron OK (0s): nothing to run {"message":"Cron OK (0s): nothing to run","metadata":{"elapsed_sec":0,"events":[],"market_data":null,"ai_analysis":null},"event":"SYSTEM_EVENT_cron_tick","console_log":true,"ticker":false,"sound":null,"notification":true}
[NOTIFICATION][SYSTEM_EVENT] Cron OK (0s): nothing to run {"message":"Cron OK (0s): nothing to run","metadata":{"elapsed_sec":0,"events":[],"market_data":null,"ai_analysis":null},"event":"SYSTEM_EVENT_cron_tick","console_log":true,"ticker":false,"sound":null,"notification":true}
[NOTIFICATION][SYSTEM_EVENT] Cron OK (0s): nothing to run {"message":"Cron OK (0s): nothing to run","metadata":{"elapsed_sec":0,"events":[],"market_data":null,"ai_analysis":null},"event":"SYSTEM_EVENT_cron_tick","console_log":true,"ticker":false,"sound":null,"notification":true}
[NOTIFICATION][SYSTEM_EVENT] Cron OK (0s): nothing to run {"message":"Cron OK (0s): nothing to run","metadata":{"elapsed_sec":0,"events":[],"market_data":null,"ai_analysis":null},"event":"SYSTEM_EVENT_cron_tick","console_log":true,"ticker":false,"sound":null,"notification":true}
[NOTIFICATION][SYSTEM_EVENT] Cron OK (0s): nothing to run {"message":"Cron OK (0s): nothing to run","metadata":{"elapsed_sec":0,"events":[],"market_data":null,"ai_analysis":null},"event":"SYSTEM_EVENT_cron_tick","console_log":true,"ticker":false,"sound":null,"notification":true}
[NOTIFICATION][SYSTEM_EVENT] Cron OK (0s): nothing to run {"message":"Cron OK (0s): nothing to run","metadata":{"elapsed_sec":0,"events":[],"market_data":null,"ai_analysis":null},"event":"SYSTEM_EVENT_cron_tick","console_log":true,"ticker":false,"sound":null,"notification":true}
[mt5-db] user_settings ai_template migration skipped: permission denied for table user_templates
UI auth enabled=true, user=hung.hoxuan@gmail.com, storage=postgres
MT5 bridge enabled=true, storage=postgres, target=postgresql://mt5_user:***@127.0.0.1:5432/mt5_bridge
MT5 prune enabled=true, days=14, intervalMinutes=60
telegram-trading-bot listening on http://0.0.0.0:80
[Cron][MarketData] BullMQ enabled=true concurrency=4
[Cron] Initializing master loop (1min cadence)
Binance mode=paper, cTrader mode=off
[NOTIFICATION][SYSTEM_EVENT] Cron OK (0s): nothing to run {"message":"Cron OK (0s): nothing to run","metadata":{"elapsed_sec":0,"events":[],"market_data":null,"ai_analysis":null,"snapshots":null},"event":"SYSTEM_EVENT_cron_tick","console_log":true,"ticker":false,"sound":null,"notification":true}
[NOTIFICATION][SYSTEM_EVENT] Cron OK (0s): nothing to run {"message":"Cron OK (0s): nothing to run","metadata":{"elapsed_sec":0,"events":[],"market_data":null,"ai_analysis":null,"snapshots":null},"event":"SYSTEM_EVENT_cron_tick","console_log":true,"ticker":false,"sound":null,"notification":true}
[NOTIFICATION][SYSTEM_EVENT] Cron OK (0s): nothing to run {"message":"Cron OK (0s): nothing to run","metadata":{"elapsed_sec":0,"events":[],"market_data":null,"ai_analysis":null,"snapshots":null},"event":"SYSTEM_EVENT_cron_tick","console_log":true,"ticker":false,"sound":null,"notification":true}
[NOTIFICATION][SYSTEM_EVENT] Cron OK (0s): nothing to run {"message":"Cron OK (0s): nothing to run","metadata":{"elapsed_sec":0,"events":[],"market_data":null,"ai_analysis":null,"snapshots":null},"event":"SYSTEM_EVENT_cron_tick","console_log":true,"ticker":false,"sound":null,"notification":true}
[mt5-db] user_settings ai_template migration skipped: permission denied for table user_templates
UI auth enabled=true, user=hung.hoxuan@gmail.com, storage=postgres
MT5 bridge enabled=true, storage=postgres, target=postgresql://mt5_user:***@127.0.0.1:5432/mt5_bridge
MT5 prune enabled=true, days=14, intervalMinutes=60
telegram-trading-bot listening on http://0.0.0.0:80
[Cron][MarketData] BullMQ enabled=true concurrency=4
[Cron] Initializing master loop (1min cadence)
Binance mode=paper, cTrader mode=off
[Cron][MarketData] Running userId=default name=MARKET_DATA_CRON tf=1H symbols=3
[Cron] Run error: Error: Custom Id cannot contain :
    at Job.validateOptions (/Users/macmini/Trade/Bot/trading/webhook/node_modules/bullmq/dist/cjs/classes/job.js:1039:23)
    at Job.addJob (/Users/macmini/Trade/Bot/trading/webhook/node_modules/bullmq/dist/cjs/classes/job.js:996:14)
    at Job.create (/Users/macmini/Trade/Bot/trading/webhook/node_modules/bullmq/dist/cjs/classes/job.js:128:28)
    at process.processTicksAndRejections (node:internal/process/task_queues:104:5)
    at async Queue.addJob (/Users/macmini/Trade/Bot/trading/webhook/node_modules/bullmq/dist/cjs/classes/queue.js:193:25)
    at async /Users/macmini/Trade/Bot/trading/webhook/node_modules/bullmq/dist/cjs/classes/queue.js:160:25
    at async Promise.all (index 0)
    at async mt5RunMarketDataCron (/Users/macmini/Trade/Bot/trading/webhook/server.js:22018:11)
    at async run (/Users/macmini/Trade/Bot/trading/webhook/server.js:21859:24)
[NOTIFICATION][SYSTEM_EVENT] Cron ERROR: Custom Id cannot contain : {"message":"Cron ERROR: Custom Id cannot contain :","metadata":{"error":"Custom Id cannot contain :"},"event":"SYSTEM_EVENT_cron_error","console_log":true,"ticker":false,"sound":null,"notification":true}
[Cron][MarketData] Running userId=default name=MARKET_DATA_CRON tf=4H symbols=3
[Cron] Run error: Error: Custom Id cannot contain :
    at Job.validateOptions (/Users/macmini/Trade/Bot/trading/webhook/node_modules/bullmq/dist/cjs/classes/job.js:1039:23)
    at Job.addJob (/Users/macmini/Trade/Bot/trading/webhook/node_modules/bullmq/dist/cjs/classes/job.js:996:14)
    at Job.create (/Users/macmini/Trade/Bot/trading/webhook/node_modules/bullmq/dist/cjs/classes/job.js:128:28)
    at process.processTicksAndRejections (node:internal/process/task_queues:104:5)
    at async Queue.addJob (/Users/macmini/Trade/Bot/trading/webhook/node_modules/bullmq/dist/cjs/classes/queue.js:193:25)
    at async /Users/macmini/Trade/Bot/trading/webhook/node_modules/bullmq/dist/cjs/classes/queue.js:160:25
[NOTIFICATION][SYSTEM_EVENT] Cron ERROR: Custom Id cannot contain : {"message":"Cron ERROR: Custom Id cannot contain :","metadata":{"error":"Custom Id cannot contain :"},"event":"SYSTEM_EVENT_cron_error","console_log":true,"ticker":false,"sound":null,"notification":true}
[Cron][MarketData] Running userId=default name=MARKET_DATA_CRON tf=1D symbols=3
[Cron] Run error: Error: Custom Id cannot contain :
    at Job.validateOptions (/Users/macmini/Trade/Bot/trading/webhook/node_modules/bullmq/dist/cjs/classes/job.js:1039:23)
    at Job.addJob (/Users/macmini/Trade/Bot/trading/webhook/node_modules/bullmq/dist/cjs/classes/job.js:996:14)
    at Job.create (/Users/macmini/Trade/Bot/trading/webhook/node_modules/bullmq/dist/cjs/classes/job.js:128:28)
    at process.processTicksAndRejections (node:internal/process/task_queues:104:5)
    at async Queue.addJob (/Users/macmini/Trade/Bot/trading/webhook/node_modules/bullmq/dist/cjs/classes/queue.js:193:25)
    at async /Users/macmini/Trade/Bot/trading/webhook/node_modules/bullmq/dist/cjs/classes/queue.js:160:25
[NOTIFICATION][SYSTEM_EVENT] Cron ERROR: Custom Id cannot contain : {"message":"Cron ERROR: Custom Id cannot contain :","metadata":{"error":"Custom Id cannot contain :"},"event":"SYSTEM_EVENT_cron_error","console_log":true,"ticker":false,"sound":null,"notification":true}
[Cron] MarketData: 3 skipped
[Cron][Snapshots] Running userId=default name=SNAPSHOTS_CRON symbols=3 tfs=4
[Cron] Snapshots: 12 captured (1 configs, 12 symbols, 0 errors)
[NOTIFICATION][SYSTEM_EVENT] Cron OK (23s): MarketData: 3 skipped; Snapshots: 12 captured (1 configs, 12 symbols, 0 errors) {"message":"Cron OK (23s): MarketData: 3 skipped; Snapshots: 12 captured (1 configs, 12 symbols, 0 errors)","metadata":{"elapsed_sec":23,"events":["MarketData: 3 skipped","Snapshots: 12 captured (1 configs, 12 symbols, 0 errors)"],"market_data":{"queued":0,"skipped":3,"configs":1,"errors":0},"ai_analysis":null,"snapshots":{"captured":12,"skipped":0,"configs":1,"errors":0}},"event":"SYSTEM_EVENT_cron_tick","console_log":true,"ticker":false,"sound":null,"notification":true}
[Cron] MarketData: 3 skipped
[Cron] Snapshots: 1 skipped
[NOTIFICATION][SYSTEM_EVENT] Cron OK (0s): MarketData: 3 skipped; Snapshots: 1 skipped {"message":"Cron OK (0s): MarketData: 3 skipped; Snapshots: 1 skipped","metadata":{"elapsed_sec":0,"events":["MarketData: 3 skipped","Snapshots: 1 skipped"],"market_data":{"queued":0,"skipped":3,"configs":1,"errors":0},"ai_analysis":null,"snapshots":{"captured":0,"skipped":1,"configs":1,"errors":0}},"event":"SYSTEM_EVENT_cron_tick","console_log":true,"ticker":false,"sound":null,"notification":true}
[Cron] MarketData: 3 skipped
[Cron] Snapshots: 1 skipped
[NOTIFICATION][SYSTEM_EVENT] Cron OK (0s): MarketData: 3 skipped; Snapshots: 1 skipped {"message":"Cron OK (0s): MarketData: 3 skipped; Snapshots: 1 skipped","metadata":{"elapsed_sec":0,"events":["MarketData: 3 skipped","Snapshots: 1 skipped"],"market_data":{"queued":0,"skipped":3,"configs":1,"errors":0},"ai_analysis":null,"snapshots":{"captured":0,"skipped":1,"configs":1,"errors":0}},"event":"SYSTEM_EVENT_cron_tick","console_log":true,"ticker":false,"sound":null,"notification":true}
[mt5-db] user_settings ai_template migration skipped: permission denied for table user_templates
UI auth enabled=true, user=hung.hoxuan@gmail.com, storage=postgres
MT5 bridge enabled=true, storage=postgres, target=postgresql://mt5_user:***@127.0.0.1:5432/mt5_bridge
MT5 prune enabled=true, days=14, intervalMinutes=60
telegram-trading-bot listening on http://0.0.0.0:80
[Cron][MarketData] BullMQ enabled=true concurrency=4
[Cron] Initializing master loop (1min cadence)
Binance mode=paper, cTrader mode=off
[Cron][MarketData] Running userId=default name=MARKET_DATA_CRON tf=1H symbols=3
[NOTIFICATION][SYSTEM_EVENT] Market data cron: XAUUSD 1H {"message":"Market data cron: XAUUSD 1H","symbol":"XAUUSD","tf":"1H","event":"SYSTEM_EVENT_cron_md","console_log":true,"ticker":false,"sound":null,"notification":true}
[twelve] START sym=XAUUSD tf=1h force=true
[Cron][MarketData] Running userId=default name=MARKET_DATA_CRON tf=4H symbols=3
[NOTIFICATION][SYSTEM_EVENT] Market data cron: EURUSD 1H {"message":"Market data cron: EURUSD 1H","symbol":"EURUSD","tf":"1H","event":"SYSTEM_EVENT_cron_md","console_log":true,"ticker":false,"sound":null,"notification":true}
[twelve] START sym=EURUSD tf=1h force=true
[NOTIFICATION][SYSTEM_EVENT] Market data cron: GBPUSD 1H {"message":"Market data cron: GBPUSD 1H","symbol":"GBPUSD","tf":"1H","event":"SYSTEM_EVENT_cron_md","console_log":true,"ticker":false,"sound":null,"notification":true}
[twelve] START sym=GBPUSD tf=1h force=true
[NOTIFICATION][SYSTEM_EVENT] Market data cron: XAUUSD 4H {"message":"Market data cron: XAUUSD 4H","symbol":"XAUUSD","tf":"4H","event":"SYSTEM_EVENT_cron_md","console_log":true,"ticker":false,"sound":null,"notification":true}
[twelve] START sym=XAUUSD tf=4h force=true
[Cron][MarketData] Running userId=default name=MARKET_DATA_CRON tf=1D symbols=3
[NOTIFICATION][SYSTEM_EVENT] Market data cron: EURUSD 4H {"message":"Market data cron: EURUSD 4H","symbol":"EURUSD","tf":"4H","event":"SYSTEM_EVENT_cron_md","console_log":true,"ticker":false,"sound":null,"notification":true}
[twelve] START sym=EURUSD tf=4h force=true
[NOTIFICATION][SYSTEM_EVENT] Market data cron: GBPUSD 4H {"message":"Market data cron: GBPUSD 4H","symbol":"GBPUSD","tf":"4H","event":"SYSTEM_EVENT_cron_md","console_log":true,"ticker":false,"sound":null,"notification":true}
[twelve] START sym=GBPUSD tf=4h force=true
[NOTIFICATION][SYSTEM_EVENT] Market data cron: XAUUSD 1D {"message":"Market data cron: XAUUSD 1D","symbol":"XAUUSD","tf":"1D","event":"SYSTEM_EVENT_cron_md","console_log":true,"ticker":false,"sound":null,"notification":true}
[twelve] START sym=XAUUSD tf=1day force=true
[NOTIFICATION][SYSTEM_EVENT] Market data cron: EURUSD 1D {"message":"Market data cron: EURUSD 1D","symbol":"EURUSD","tf":"1D","event":"SYSTEM_EVENT_cron_md","console_log":true,"ticker":false,"sound":null,"notification":true}
[twelve] START sym=EURUSD tf=1day force=true
[NOTIFICATION][SYSTEM_EVENT] Market data cron: GBPUSD 1D {"message":"Market data cron: GBPUSD 1D","symbol":"GBPUSD","tf":"1D","event":"SYSTEM_EVENT_cron_md","console_log":true,"ticker":false,"sound":null,"notification":true}
[twelve] START sym=GBPUSD tf=1day force=true
[Cron][MarketData] Running userId=default name=MARKET_DATA_CRON tf=1H symbols=3
[NOTIFICATION][SYSTEM_EVENT] Market data cron: XAUUSD 1H {"message":"Market data cron: XAUUSD 1H","symbol":"XAUUSD","tf":"1H","event":"SYSTEM_EVENT_cron_md","console_log":true,"ticker":false,"sound":null,"notification":true}
[twelve] START sym=XAUUSD tf=1h force=true
[NOTIFICATION][SYSTEM_EVENT] Market data cron: EURUSD 1H {"message":"Market data cron: EURUSD 1H","symbol":"EURUSD","tf":"1H","event":"SYSTEM_EVENT_cron_md","console_log":true,"ticker":false,"sound":null,"notification":true}
[twelve] START sym=EURUSD tf=1h force=true
[NOTIFICATION][SYSTEM_EVENT] Market data cron: GBPUSD 1H {"message":"Market data cron: GBPUSD 1H","symbol":"GBPUSD","tf":"1H","event":"SYSTEM_EVENT_cron_md","console_log":true,"ticker":false,"sound":null,"notification":true}
[twelve] START sym=GBPUSD tf=1h force=true
[Cron][MarketData] Running userId=default name=MARKET_DATA_CRON tf=1H symbols=3
[NOTIFICATION][SYSTEM_EVENT] Market data cron: XAUUSD 1H {"message":"Market data cron: XAUUSD 1H","symbol":"XAUUSD","tf":"1H","event":"SYSTEM_EVENT_cron_md","console_log":true,"ticker":false,"sound":null,"notification":true}
[twelve] START sym=XAUUSD tf=1h force=true
[NOTIFICATION][SYSTEM_EVENT] Market data cron: EURUSD 1H {"message":"Market data cron: EURUSD 1H","symbol":"EURUSD","tf":"1H","event":"SYSTEM_EVENT_cron_md","console_log":true,"ticker":false,"sound":null,"notification":true}
[twelve] START sym=EURUSD tf=1h force=true
[NOTIFICATION][SYSTEM_EVENT] Market data cron: GBPUSD 1H {"message":"Market data cron: GBPUSD 1H","symbol":"GBPUSD","tf":"1H","event":"SYSTEM_EVENT_cron_md","console_log":true,"ticker":false,"sound":null,"notification":true}
[twelve] START sym=GBPUSD tf=1h force=true
[Cron][MarketData] Running userId=default name=MARKET_DATA_CRON tf=1H symbols=3
[NOTIFICATION][SYSTEM_EVENT] Market data cron: XAUUSD 1H {"message":"Market data cron: XAUUSD 1H","symbol":"XAUUSD","tf":"1H","event":"SYSTEM_EVENT_cron_md","console_log":true,"ticker":false,"sound":null,"notification":true}
[twelve] START sym=XAUUSD tf=1h force=true
[NOTIFICATION][SYSTEM_EVENT] Market data cron: EURUSD 1H {"message":"Market data cron: EURUSD 1H","symbol":"EURUSD","tf":"1H","event":"SYSTEM_EVENT_cron_md","console_log":true,"ticker":false,"sound":null,"notification":true}
[twelve] START sym=EURUSD tf=1h force=true
[NOTIFICATION][SYSTEM_EVENT] Market data cron: GBPUSD 1H {"message":"Market data cron: GBPUSD 1H","symbol":"GBPUSD","tf":"1H","event":"SYSTEM_EVENT_cron_md","console_log":true,"ticker":false,"sound":null,"notification":true}
[twelve] START sym=GBPUSD tf=1h force=true
[mt5-db] user_settings ai_template migration skipped: permission denied for table user_templates
UI auth enabled=true, user=hung.hoxuan@gmail.com, storage=postgres
MT5 bridge enabled=true, storage=postgres, target=postgresql://mt5_user:***@127.0.0.1:5432/mt5_bridge
MT5 prune enabled=true, days=14, intervalMinutes=60
telegram-trading-bot listening on http://0.0.0.0:80
[Cron][MarketData] BullMQ enabled=true concurrency=4
[Cron] Initializing master loop (1min cadence)
Binance mode=paper, cTrader mode=off
[Cron][MarketData] Running userId=default name=MARKET_DATA_CRON tf=1H symbols=3
[Cron][MarketData] Running userId=default name=MARKET_DATA_CRON tf=4H symbols=3
[NOTIFICATION][SYSTEM_EVENT] Market data cron: XAUUSD 1H {"message":"Market data cron: XAUUSD 1H","symbol":"XAUUSD","tf":"1H","event":"SYSTEM_EVENT_cron_md","console_log":true,"ticker":false,"sound":null,"notification":true}
[twelve] START sym=XAUUSD tf=1h force=true
[NOTIFICATION][SYSTEM_EVENT] Market data cron: EURUSD 1H {"message":"Market data cron: EURUSD 1H","symbol":"EURUSD","tf":"1H","event":"SYSTEM_EVENT_cron_md","console_log":true,"ticker":false,"sound":null,"notification":true}
[twelve] START sym=EURUSD tf=1h force=true
[NOTIFICATION][SYSTEM_EVENT] Market data cron: GBPUSD 1H {"message":"Market data cron: GBPUSD 1H","symbol":"GBPUSD","tf":"1H","event":"SYSTEM_EVENT_cron_md","console_log":true,"ticker":false,"sound":null,"notification":true}
[twelve] START sym=GBPUSD tf=1h force=true
[NOTIFICATION][SYSTEM_EVENT] Market data cron: XAUUSD 4H {"message":"Market data cron: XAUUSD 4H","symbol":"XAUUSD","tf":"4H","event":"SYSTEM_EVENT_cron_md","console_log":true,"ticker":false,"sound":null,"notification":true}
[twelve] START sym=XAUUSD tf=4h force=true
[Cron][MarketData] Running userId=default name=MARKET_DATA_CRON tf=1D symbols=3
[NOTIFICATION][SYSTEM_EVENT] Market data cron: EURUSD 4H {"message":"Market data cron: EURUSD 4H","symbol":"EURUSD","tf":"4H","event":"SYSTEM_EVENT_cron_md","console_log":true,"ticker":false,"sound":null,"notification":true}
[twelve] START sym=EURUSD tf=4h force=true
[NOTIFICATION][SYSTEM_EVENT] Market data cron: GBPUSD 4H {"message":"Market data cron: GBPUSD 4H","symbol":"GBPUSD","tf":"4H","event":"SYSTEM_EVENT_cron_md","console_log":true,"ticker":false,"sound":null,"notification":true}
[twelve] START sym=GBPUSD tf=4h force=true
[Cron][MarketData] Running userId=default name=MARKET_DATA_CRON tf=1H symbols=3
[NOTIFICATION][SYSTEM_EVENT] Market data cron: XAUUSD 1H {"message":"Market data cron: XAUUSD 1H","symbol":"XAUUSD","tf":"1H","event":"SYSTEM_EVENT_cron_md","console_log":true,"ticker":false,"sound":null,"notification":true}
[twelve] START sym=XAUUSD tf=1h force=true
[NOTIFICATION][SYSTEM_EVENT] Market data cron: EURUSD 1H {"message":"Market data cron: EURUSD 1H","symbol":"EURUSD","tf":"1H","event":"SYSTEM_EVENT_cron_md","console_log":true,"ticker":false,"sound":null,"notification":true}
[twelve] START sym=EURUSD tf=1h force=true
[NOTIFICATION][SYSTEM_EVENT] Market data cron: GBPUSD 1H {"message":"Market data cron: GBPUSD 1H","symbol":"GBPUSD","tf":"1H","event":"SYSTEM_EVENT_cron_md","console_log":true,"ticker":false,"sound":null,"notification":true}
[twelve] START sym=GBPUSD tf=1h force=true
