[2026-05-17T00:03:01.253Z] [SYSTEM_EVENT] {"message":"Market data cron: XAUUSD 1H","symbol":"XAUUSD","tf":"1H","event":"SYSTEM_EVENT_cron_md","console_log":true,"ticker":false,"sound":null,"notification":true}
[2026-05-17T00:03:01.255Z] [SYSTEM_EVENT] {"message":"Market data cron: EURUSD 1H","symbol":"EURUSD","tf":"1H","event":"SYSTEM_EVENT_cron_md","console_log":true,"ticker":false,"sound":null,"notification":true}
[2026-05-17T00:03:01.257Z] [SYSTEM_EVENT] {"message":"Market data cron: GBPUSD 1H","symbol":"GBPUSD","tf":"1H","event":"SYSTEM_EVENT_cron_md","console_log":true,"ticker":false,"sound":null,"notification":true}
[2026-05-17T01:03:01.317Z] [SYSTEM_EVENT] {"message":"Market data cron: XAUUSD 1H","symbol":"XAUUSD","tf":"1H","event":"SYSTEM_EVENT_cron_md","console_log":true,"ticker":false,"sound":null,"notification":true}
[2026-05-17T01:03:01.318Z] [SYSTEM_EVENT] {"message":"Market data cron: EURUSD 1H","symbol":"EURUSD","tf":"1H","event":"SYSTEM_EVENT_cron_md","console_log":true,"ticker":false,"sound":null,"notification":true}
[2026-05-17T01:03:01.320Z] [SYSTEM_EVENT] {"message":"Market data cron: GBPUSD 1H","symbol":"GBPUSD","tf":"1H","event":"SYSTEM_EVENT_cron_md","console_log":true,"ticker":false,"sound":null,"notification":true}
[2026-05-17T02:03:01.398Z] [SYSTEM_EVENT] {"message":"Market data cron: XAUUSD 1H","symbol":"XAUUSD","tf":"1H","event":"SYSTEM_EVENT_cron_md","console_log":true,"ticker":false,"sound":null,"notification":true}
[2026-05-17T02:03:01.400Z] [SYSTEM_EVENT] {"message":"Market data cron: EURUSD 1H","symbol":"EURUSD","tf":"1H","event":"SYSTEM_EVENT_cron_md","console_log":true,"ticker":false,"sound":null,"notification":true}
[2026-05-17T02:03:01.401Z] [SYSTEM_EVENT] {"message":"Market data cron: GBPUSD 1H","symbol":"GBPUSD","tf":"1H","event":"SYSTEM_EVENT_cron_md","console_log":true,"ticker":false,"sound":null,"notification":true}
[2026-05-17T02:03:01.406Z] [SYSTEM_EVENT] {"message":"Market data cron: XAUUSD 4H","symbol":"XAUUSD","tf":"4H","event":"SYSTEM_EVENT_cron_md","console_log":true,"ticker":false,"sound":null,"notification":true}
[2026-05-17T02:03:01.417Z] [SYSTEM_EVENT] {"message":"Market data cron: EURUSD 4H","symbol":"EURUSD","tf":"4H","event":"SYSTEM_EVENT_cron_md","console_log":true,"ticker":false,"sound":null,"notification":true}
[2026-05-17T02:03:01.419Z] [SYSTEM_EVENT] {"message":"Market data cron: GBPUSD 4H","symbol":"GBPUSD","tf":"4H","event":"SYSTEM_EVENT_cron_md","console_log":true,"ticker":false,"sound":null,"notification":true}
[2026-05-17T03:03:01.493Z] [SYSTEM_EVENT] {"message":"Market data cron: XAUUSD 1H","symbol":"XAUUSD","tf":"1H","event":"SYSTEM_EVENT_cron_md","console_log":true,"ticker":false,"sound":null,"notification":true}
[2026-05-17T03:03:01.495Z] [SYSTEM_EVENT] {"message":"Market data cron: EURUSD 1H","symbol":"EURUSD","tf":"1H","event":"SYSTEM_EVENT_cron_md","console_log":true,"ticker":false,"sound":null,"notification":true}
[2026-05-17T03:03:01.496Z] [SYSTEM_EVENT] {"message":"Market data cron: GBPUSD 1H","symbol":"GBPUSD","tf":"1H","event":"SYSTEM_EVENT_cron_md","console_log":true,"ticker":false,"sound":null,"notification":true}
[2026-05-17T04:03:01.538Z] [SYSTEM_EVENT] {"message":"Market data cron: XAUUSD 1H","symbol":"XAUUSD","tf":"1H","event":"SYSTEM_EVENT_cron_md","console_log":true,"ticker":false,"sound":null,"notification":true}
[2026-05-17T04:03:01.541Z] [SYSTEM_EVENT] {"message":"Market data cron: EURUSD 1H","symbol":"EURUSD","tf":"1H","event":"SYSTEM_EVENT_cron_md","console_log":true,"ticker":false,"sound":null,"notification":true}
[2026-05-17T04:03:01.542Z] [SYSTEM_EVENT] {"message":"Market data cron: GBPUSD 1H","symbol":"GBPUSD","tf":"1H","event":"SYSTEM_EVENT_cron_md","console_log":true,"ticker":false,"sound":null,"notification":true}
[2026-05-17T05:03:01.635Z] [SYSTEM_EVENT] {"message":"Market data cron: XAUUSD 1H","symbol":"XAUUSD","tf":"1H","event":"SYSTEM_EVENT_cron_md","console_log":true,"ticker":false,"sound":null,"notification":true}
[2026-05-17T05:03:01.637Z] [SYSTEM_EVENT] {"message":"Market data cron: EURUSD 1H","symbol":"EURUSD","tf":"1H","event":"SYSTEM_EVENT_cron_md","console_log":true,"ticker":false,"sound":null,"notification":true}
[2026-05-17T05:03:01.639Z] [SYSTEM_EVENT] {"message":"Market data cron: GBPUSD 1H","symbol":"GBPUSD","tf":"1H","event":"SYSTEM_EVENT_cron_md","console_log":true,"ticker":false,"sound":null,"notification":true}
[2026-05-17T06:03:01.731Z] [SYSTEM_EVENT] {"message":"Market data cron: XAUUSD 1H","symbol":"XAUUSD","tf":"1H","event":"SYSTEM_EVENT_cron_md","console_log":true,"ticker":false,"sound":null,"notification":true}
[2026-05-17T06:03:01.733Z] [SYSTEM_EVENT] {"message":"Market data cron: EURUSD 1H","symbol":"EURUSD","tf":"1H","event":"SYSTEM_EVENT_cron_md","console_log":true,"ticker":false,"sound":null,"notification":true}
[2026-05-17T06:03:01.735Z] [SYSTEM_EVENT] {"message":"Market data cron: GBPUSD 1H","symbol":"GBPUSD","tf":"1H","event":"SYSTEM_EVENT_cron_md","console_log":true,"ticker":false,"sound":null,"notification":true}
[2026-05-17T06:03:01.739Z] [SYSTEM_EVENT] {"message":"Market data cron: XAUUSD 4H","symbol":"XAUUSD","tf":"4H","event":"SYSTEM_EVENT_cron_md","console_log":true,"ticker":false,"sound":null,"notification":true}
[2026-05-17T06:03:01.754Z] [SYSTEM_EVENT] {"message":"Market data cron: EURUSD 4H","symbol":"EURUSD","tf":"4H","event":"SYSTEM_EVENT_cron_md","console_log":true,"ticker":false,"sound":null,"notification":true}
[2026-05-17T06:03:01.755Z] [SYSTEM_EVENT] {"message":"Market data cron: GBPUSD 4H","symbol":"GBPUSD","tf":"4H","event":"SYSTEM_EVENT_cron_md","console_log":true,"ticker":false,"sound":null,"notification":true}
[2026-05-17T07:03:01.818Z] [SYSTEM_EVENT] {"message":"Market data cron: XAUUSD 1H","symbol":"XAUUSD","tf":"1H","event":"SYSTEM_EVENT_cron_md","console_log":true,"ticker":false,"sound":null,"notification":true}
[2026-05-17T07:03:01.822Z] [SYSTEM_EVENT] {"message":"Market data cron: EURUSD 1H","symbol":"EURUSD","tf":"1H","event":"SYSTEM_EVENT_cron_md","console_log":true,"ticker":false,"sound":null,"notification":true}
[2026-05-17T07:03:01.823Z] [SYSTEM_EVENT] {"message":"Market data cron: GBPUSD 1H","symbol":"GBPUSD","tf":"1H","event":"SYSTEM_EVENT_cron_md","console_log":true,"ticker":false,"sound":null,"notification":true}
[2026-05-17T08:03:01.873Z] [SYSTEM_EVENT] {"message":"Market data cron: XAUUSD 1H","symbol":"XAUUSD","tf":"1H","event":"SYSTEM_EVENT_cron_md","console_log":true,"ticker":false,"sound":null,"notification":true}
[2026-05-17T08:03:01.879Z] [SYSTEM_EVENT] {"message":"Market data cron: EURUSD 1H","symbol":"EURUSD","tf":"1H","event":"SYSTEM_EVENT_cron_md","console_log":true,"ticker":false,"sound":null,"notification":true}
[2026-05-17T08:03:01.880Z] [SYSTEM_EVENT] {"message":"Market data cron: GBPUSD 1H","symbol":"GBPUSD","tf":"1H","event":"SYSTEM_EVENT_cron_md","console_log":true,"ticker":false,"sound":null,"notification":true}
[2026-05-17T09:03:01.922Z] [SYSTEM_EVENT] {"message":"Market data cron: XAUUSD 1H","symbol":"XAUUSD","tf":"1H","event":"SYSTEM_EVENT_cron_md","console_log":true,"ticker":false,"sound":null,"notification":true}
[2026-05-17T09:03:01.922Z] [SYSTEM_EVENT] {"message":"Market data cron: EURUSD 1H","symbol":"EURUSD","tf":"1H","event":"SYSTEM_EVENT_cron_md","console_log":true,"ticker":false,"sound":null,"notification":true}
[2026-05-17T09:03:01.923Z] [SYSTEM_EVENT] {"message":"Market data cron: GBPUSD 1H","symbol":"GBPUSD","tf":"1H","event":"SYSTEM_EVENT_cron_md","console_log":true,"ticker":false,"sound":null,"notification":true}
[2026-05-17T10:03:01.974Z] [SYSTEM_EVENT] {"message":"Market data cron: XAUUSD 1H","symbol":"XAUUSD","tf":"1H","event":"SYSTEM_EVENT_cron_md","console_log":true,"ticker":false,"sound":null,"notification":true}
[2026-05-17T10:03:01.978Z] [SYSTEM_EVENT] {"message":"Market data cron: EURUSD 1H","symbol":"EURUSD","tf":"1H","event":"SYSTEM_EVENT_cron_md","console_log":true,"ticker":false,"sound":null,"notification":true}
[2026-05-17T10:03:01.979Z] [SYSTEM_EVENT] {"message":"Market data cron: GBPUSD 1H","symbol":"GBPUSD","tf":"1H","event":"SYSTEM_EVENT_cron_md","console_log":true,"ticker":false,"sound":null,"notification":true}
[2026-05-17T10:03:01.982Z] [SYSTEM_EVENT] {"message":"Market data cron: XAUUSD 4H","symbol":"XAUUSD","tf":"4H","event":"SYSTEM_EVENT_cron_md","console_log":true,"ticker":false,"sound":null,"notification":true}
[2026-05-17T10:03:01.992Z] [SYSTEM_EVENT] {"message":"Market data cron: EURUSD 4H","symbol":"EURUSD","tf":"4H","event":"SYSTEM_EVENT_cron_md","console_log":true,"ticker":false,"sound":null,"notification":true}
[2026-05-17T10:03:01.993Z] [SYSTEM_EVENT] {"message":"Market data cron: GBPUSD 4H","symbol":"GBPUSD","tf":"4H","event":"SYSTEM_EVENT_cron_md","console_log":true,"ticker":false,"sound":null,"notification":true}
[2026-05-17T11:03:02.076Z] [SYSTEM_EVENT] {"message":"Market data cron: XAUUSD 1H","symbol":"XAUUSD","tf":"1H","event":"SYSTEM_EVENT_cron_md","console_log":true,"ticker":false,"sound":null,"notification":true}
[2026-05-17T11:03:02.078Z] [SYSTEM_EVENT] {"message":"Market data cron: EURUSD 1H","symbol":"EURUSD","tf":"1H","event":"SYSTEM_EVENT_cron_md","console_log":true,"ticker":false,"sound":null,"notification":true}
[2026-05-17T11:03:02.078Z] [SYSTEM_EVENT] {"message":"Market data cron: GBPUSD 1H","symbol":"GBPUSD","tf":"1H","event":"SYSTEM_EVENT_cron_md","console_log":true,"ticker":false,"sound":null,"notification":true}
[2026-05-17T12:03:02.169Z] [SYSTEM_EVENT] {"message":"Market data cron: XAUUSD 1H","symbol":"XAUUSD","tf":"1H","event":"SYSTEM_EVENT_cron_md","console_log":true,"ticker":false,"sound":null,"notification":true}
[2026-05-17T12:03:02.170Z] [SYSTEM_EVENT] {"message":"Market data cron: EURUSD 1H","symbol":"EURUSD","tf":"1H","event":"SYSTEM_EVENT_cron_md","console_log":true,"ticker":false,"sound":null,"notification":true}
[2026-05-17T12:03:02.171Z] [SYSTEM_EVENT] {"message":"Market data cron: GBPUSD 1H","symbol":"GBPUSD","tf":"1H","event":"SYSTEM_EVENT_cron_md","console_log":true,"ticker":false,"sound":null,"notification":true}
[2026-05-17T13:03:02.207Z] [SYSTEM_EVENT] {"message":"Market data cron: XAUUSD 1H","symbol":"XAUUSD","tf":"1H","event":"SYSTEM_EVENT_cron_md","console_log":true,"ticker":false,"sound":null,"notification":true}
[2026-05-17T13:03:02.211Z] [SYSTEM_EVENT] {"message":"Market data cron: EURUSD 1H","symbol":"EURUSD","tf":"1H","event":"SYSTEM_EVENT_cron_md","console_log":true,"ticker":false,"sound":null,"notification":true}
[2026-05-17T13:03:02.212Z] [SYSTEM_EVENT] {"message":"Market data cron: GBPUSD 1H","symbol":"GBPUSD","tf":"1H","event":"SYSTEM_EVENT_cron_md","console_log":true,"ticker":false,"sound":null,"notification":true}
[2026-05-17T14:03:02.292Z] [SYSTEM_EVENT] {"message":"Market data cron: XAUUSD 1H","symbol":"XAUUSD","tf":"1H","event":"SYSTEM_EVENT_cron_md","console_log":true,"ticker":false,"sound":null,"notification":true}
[2026-05-17T14:03:02.293Z] [SYSTEM_EVENT] {"message":"Market data cron: EURUSD 1H","symbol":"EURUSD","tf":"1H","event":"SYSTEM_EVENT_cron_md","console_log":true,"ticker":false,"sound":null,"notification":true}
[2026-05-17T14:03:02.294Z] [SYSTEM_EVENT] {"message":"Market data cron: GBPUSD 1H","symbol":"GBPUSD","tf":"1H","event":"SYSTEM_EVENT_cron_md","console_log":true,"ticker":false,"sound":null,"notification":true}
[2026-05-17T14:03:02.298Z] [SYSTEM_EVENT] {"message":"Market data cron: XAUUSD 4H","symbol":"XAUUSD","tf":"4H","event":"SYSTEM_EVENT_cron_md","console_log":true,"ticker":false,"sound":null,"notification":true}
[2026-05-17T14:03:02.307Z] [SYSTEM_EVENT] {"message":"Market data cron: EURUSD 4H","symbol":"EURUSD","tf":"4H","event":"SYSTEM_EVENT_cron_md","console_log":true,"ticker":false,"sound":null,"notification":true}
[2026-05-17T14:03:02.309Z] [SYSTEM_EVENT] {"message":"Market data cron: GBPUSD 4H","symbol":"GBPUSD","tf":"4H","event":"SYSTEM_EVENT_cron_md","console_log":true,"ticker":false,"sound":null,"notification":true}
[2026-05-17T14:03:02.311Z] [SYSTEM_EVENT] {"message":"Market data cron: XAUUSD 1D","symbol":"XAUUSD","tf":"1D","event":"SYSTEM_EVENT_cron_md","console_log":true,"ticker":false,"sound":null,"notification":true}
[2026-05-17T14:03:02.312Z] [SYSTEM_EVENT] {"message":"Market data cron: EURUSD 1D","symbol":"EURUSD","tf":"1D","event":"SYSTEM_EVENT_cron_md","console_log":true,"ticker":false,"sound":null,"notification":true}
[2026-05-17T14:03:02.314Z] [SYSTEM_EVENT] {"message":"Market data cron: GBPUSD 1D","symbol":"GBPUSD","tf":"1D","event":"SYSTEM_EVENT_cron_md","console_log":true,"ticker":false,"sound":null,"notification":true}
[2026-05-17T15:03:02.312Z] [SYSTEM_EVENT] {"message":"Market data cron: XAUUSD 1H","symbol":"XAUUSD","tf":"1H","event":"SYSTEM_EVENT_cron_md","console_log":true,"ticker":false,"sound":null,"notification":true}
[2026-05-17T15:03:02.314Z] [SYSTEM_EVENT] {"message":"Market data cron: EURUSD 1H","symbol":"EURUSD","tf":"1H","event":"SYSTEM_EVENT_cron_md","console_log":true,"ticker":false,"sound":null,"notification":true}
[2026-05-17T15:03:02.315Z] [SYSTEM_EVENT] {"message":"Market data cron: GBPUSD 1H","symbol":"GBPUSD","tf":"1H","event":"SYSTEM_EVENT_cron_md","console_log":true,"ticker":false,"sound":null,"notification":true}
[2026-05-17T16:03:02.364Z] [SYSTEM_EVENT] {"message":"Market data cron: XAUUSD 1H","symbol":"XAUUSD","tf":"1H","event":"SYSTEM_EVENT_cron_md","console_log":true,"ticker":false,"sound":null,"notification":true}
[2026-05-17T16:03:02.367Z] [SYSTEM_EVENT] {"message":"Market data cron: EURUSD 1H","symbol":"EURUSD","tf":"1H","event":"SYSTEM_EVENT_cron_md","console_log":true,"ticker":false,"sound":null,"notification":true}
[2026-05-17T16:03:02.372Z] [SYSTEM_EVENT] {"message":"Market data cron: GBPUSD 1H","symbol":"GBPUSD","tf":"1H","event":"SYSTEM_EVENT_cron_md","console_log":true,"ticker":false,"sound":null,"notification":true}
[2026-05-17T17:03:02.479Z] [SYSTEM_EVENT] {"message":"Market data cron: XAUUSD 1H","symbol":"XAUUSD","tf":"1H","event":"SYSTEM_EVENT_cron_md","console_log":true,"ticker":false,"sound":null,"notification":true}
[2026-05-17T17:03:02.480Z] [SYSTEM_EVENT] {"message":"Market data cron: EURUSD 1H","symbol":"EURUSD","tf":"1H","event":"SYSTEM_EVENT_cron_md","console_log":true,"ticker":false,"sound":null,"notification":true}
[2026-05-17T17:03:02.483Z] [SYSTEM_EVENT] {"message":"Market data cron: GBPUSD 1H","symbol":"GBPUSD","tf":"1H","event":"SYSTEM_EVENT_cron_md","console_log":true,"ticker":false,"sound":null,"notification":true}
[2026-05-17T18:03:02.537Z] [SYSTEM_EVENT] {"message":"Market data cron: XAUUSD 1H","symbol":"XAUUSD","tf":"1H","event":"SYSTEM_EVENT_cron_md","console_log":true,"ticker":false,"sound":null,"notification":true}
[2026-05-17T18:03:02.543Z] [SYSTEM_EVENT] {"message":"Market data cron: EURUSD 1H","symbol":"EURUSD","tf":"1H","event":"SYSTEM_EVENT_cron_md","console_log":true,"ticker":false,"sound":null,"notification":true}
[2026-05-17T18:03:02.546Z] [SYSTEM_EVENT] {"message":"Market data cron: GBPUSD 1H","symbol":"GBPUSD","tf":"1H","event":"SYSTEM_EVENT_cron_md","console_log":true,"ticker":false,"sound":null,"notification":true}
[2026-05-17T18:03:02.551Z] [SYSTEM_EVENT] {"message":"Market data cron: XAUUSD 4H","symbol":"XAUUSD","tf":"4H","event":"SYSTEM_EVENT_cron_md","console_log":true,"ticker":false,"sound":null,"notification":true}
[2026-05-17T18:03:02.561Z] [SYSTEM_EVENT] {"message":"Market data cron: EURUSD 4H","symbol":"EURUSD","tf":"4H","event":"SYSTEM_EVENT_cron_md","console_log":true,"ticker":false,"sound":null,"notification":true}
[2026-05-17T18:03:02.564Z] [SYSTEM_EVENT] {"message":"Market data cron: GBPUSD 4H","symbol":"GBPUSD","tf":"4H","event":"SYSTEM_EVENT_cron_md","console_log":true,"ticker":false,"sound":null,"notification":true}
[2026-05-17T19:03:02.671Z] [SYSTEM_EVENT] {"message":"Market data cron: XAUUSD 1H","symbol":"XAUUSD","tf":"1H","event":"SYSTEM_EVENT_cron_md","console_log":true,"ticker":false,"sound":null,"notification":true}
[2026-05-17T19:03:02.673Z] [SYSTEM_EVENT] {"message":"Market data cron: EURUSD 1H","symbol":"EURUSD","tf":"1H","event":"SYSTEM_EVENT_cron_md","console_log":true,"ticker":false,"sound":null,"notification":true}
[2026-05-17T19:03:02.677Z] [SYSTEM_EVENT] {"message":"Market data cron: GBPUSD 1H","symbol":"GBPUSD","tf":"1H","event":"SYSTEM_EVENT_cron_md","console_log":true,"ticker":false,"sound":null,"notification":true}
[2026-05-17T20:03:02.596Z] [SYSTEM_EVENT] {"message":"Market data cron: XAUUSD 1H","symbol":"XAUUSD","tf":"1H","event":"SYSTEM_EVENT_cron_md","console_log":true,"ticker":false,"sound":null,"notification":true}
[2026-05-17T20:03:02.597Z] [SYSTEM_EVENT] {"message":"Market data cron: EURUSD 1H","symbol":"EURUSD","tf":"1H","event":"SYSTEM_EVENT_cron_md","console_log":true,"ticker":false,"sound":null,"notification":true}
[2026-05-17T20:03:02.598Z] [SYSTEM_EVENT] {"message":"Market data cron: GBPUSD 1H","symbol":"GBPUSD","tf":"1H","event":"SYSTEM_EVENT_cron_md","console_log":true,"ticker":false,"sound":null,"notification":true}
[2026-05-17T21:03:02.645Z] [SYSTEM_EVENT] {"message":"Market data cron: XAUUSD 1H","symbol":"XAUUSD","tf":"1H","event":"SYSTEM_EVENT_cron_md","console_log":true,"ticker":false,"sound":null,"notification":true}
[2026-05-17T21:03:02.648Z] [SYSTEM_EVENT] {"message":"Market data cron: EURUSD 1H","symbol":"EURUSD","tf":"1H","event":"SYSTEM_EVENT_cron_md","console_log":true,"ticker":false,"sound":null,"notification":true}
[2026-05-17T21:03:02.648Z] [SYSTEM_EVENT] {"message":"Market data cron: GBPUSD 1H","symbol":"GBPUSD","tf":"1H","event":"SYSTEM_EVENT_cron_md","console_log":true,"ticker":false,"sound":null,"notification":true}
[2026-05-17T22:03:02.770Z] [SYSTEM_EVENT] {"message":"Market data cron: XAUUSD 1H","symbol":"XAUUSD","tf":"1H","event":"SYSTEM_EVENT_cron_md","console_log":true,"ticker":false,"sound":null,"notification":true}
[2026-05-17T22:03:02.771Z] [SYSTEM_EVENT] {"message":"Market data cron: EURUSD 1H","symbol":"EURUSD","tf":"1H","event":"SYSTEM_EVENT_cron_md","console_log":true,"ticker":false,"sound":null,"notification":true}
[2026-05-17T22:03:02.772Z] [SYSTEM_EVENT] {"message":"Market data cron: GBPUSD 1H","symbol":"GBPUSD","tf":"1H","event":"SYSTEM_EVENT_cron_md","console_log":true,"ticker":false,"sound":null,"notification":true}
[2026-05-17T22:03:02.778Z] [SYSTEM_EVENT] {"message":"Market data cron: XAUUSD 4H","symbol":"XAUUSD","tf":"4H","event":"SYSTEM_EVENT_cron_md","console_log":true,"ticker":false,"sound":null,"notification":true}
[2026-05-17T22:03:02.789Z] [SYSTEM_EVENT] {"message":"Market data cron: EURUSD 4H","symbol":"EURUSD","tf":"4H","event":"SYSTEM_EVENT_cron_md","console_log":true,"ticker":false,"sound":null,"notification":true}
[2026-05-17T22:03:02.794Z] [SYSTEM_EVENT] {"message":"Market data cron: GBPUSD 4H","symbol":"GBPUSD","tf":"4H","event":"SYSTEM_EVENT_cron_md","console_log":true,"ticker":false,"sound":null,"notification":true}
[2026-05-17T23:03:02.868Z] [SYSTEM_EVENT] {"message":"Market data cron: XAUUSD 1H","symbol":"XAUUSD","tf":"1H","event":"SYSTEM_EVENT_cron_md","console_log":true,"ticker":false,"sound":null,"notification":true}
[2026-05-17T23:03:02.873Z] [SYSTEM_EVENT] {"message":"Market data cron: EURUSD 1H","symbol":"EURUSD","tf":"1H","event":"SYSTEM_EVENT_cron_md","console_log":true,"ticker":false,"sound":null,"notification":true}
[2026-05-17T23:03:02.874Z] [SYSTEM_EVENT] {"message":"Market data cron: GBPUSD 1H","symbol":"GBPUSD","tf":"1H","event":"SYSTEM_EVENT_cron_md","console_log":true,"ticker":false,"sound":null,"notification":true}
