[2026-05-18T00:03:02.969Z] [SYSTEM_EVENT] {"message":"Market data cron: XAUUSD 1H","symbol":"XAUUSD","tf":"1H","event":"SYSTEM_EVENT_cron_md","console_log":true,"ticker":false,"sound":null,"notification":true}
[2026-05-18T00:03:02.970Z] [SYSTEM_EVENT] {"message":"Market data cron: EURUSD 1H","symbol":"EURUSD","tf":"1H","event":"SYSTEM_EVENT_cron_md","console_log":true,"ticker":false,"sound":null,"notification":true}
[2026-05-18T00:03:02.972Z] [SYSTEM_EVENT] {"message":"Market data cron: GBPUSD 1H","symbol":"GBPUSD","tf":"1H","event":"SYSTEM_EVENT_cron_md","console_log":true,"ticker":false,"sound":null,"notification":true}
[2026-05-18T01:03:03.052Z] [SYSTEM_EVENT] {"message":"Market data cron: XAUUSD 1H","symbol":"XAUUSD","tf":"1H","event":"SYSTEM_EVENT_cron_md","console_log":true,"ticker":false,"sound":null,"notification":true}
[2026-05-18T01:03:03.054Z] [SYSTEM_EVENT] {"message":"Market data cron: EURUSD 1H","symbol":"EURUSD","tf":"1H","event":"SYSTEM_EVENT_cron_md","console_log":true,"ticker":false,"sound":null,"notification":true}
[2026-05-18T01:03:03.055Z] [SYSTEM_EVENT] {"message":"Market data cron: GBPUSD 1H","symbol":"GBPUSD","tf":"1H","event":"SYSTEM_EVENT_cron_md","console_log":true,"ticker":false,"sound":null,"notification":true}
[2026-05-18T02:03:03.156Z] [SYSTEM_EVENT] {"message":"Market data cron: XAUUSD 1H","symbol":"XAUUSD","tf":"1H","event":"SYSTEM_EVENT_cron_md","console_log":true,"ticker":false,"sound":null,"notification":true}
[2026-05-18T02:03:03.158Z] [SYSTEM_EVENT] {"message":"Market data cron: EURUSD 1H","symbol":"EURUSD","tf":"1H","event":"SYSTEM_EVENT_cron_md","console_log":true,"ticker":false,"sound":null,"notification":true}
[2026-05-18T02:03:03.160Z] [SYSTEM_EVENT] {"message":"Market data cron: GBPUSD 1H","symbol":"GBPUSD","tf":"1H","event":"SYSTEM_EVENT_cron_md","console_log":true,"ticker":false,"sound":null,"notification":true}
[2026-05-18T02:03:03.164Z] [SYSTEM_EVENT] {"message":"Market data cron: XAUUSD 4H","symbol":"XAUUSD","tf":"4H","event":"SYSTEM_EVENT_cron_md","console_log":true,"ticker":false,"sound":null,"notification":true}
[2026-05-18T02:03:03.179Z] [SYSTEM_EVENT] {"message":"Market data cron: EURUSD 4H","symbol":"EURUSD","tf":"4H","event":"SYSTEM_EVENT_cron_md","console_log":true,"ticker":false,"sound":null,"notification":true}
[2026-05-18T02:03:03.181Z] [SYSTEM_EVENT] {"message":"Market data cron: GBPUSD 4H","symbol":"GBPUSD","tf":"4H","event":"SYSTEM_EVENT_cron_md","console_log":true,"ticker":false,"sound":null,"notification":true}
[2026-05-18T03:03:03.282Z] [SYSTEM_EVENT] {"message":"Market data cron: XAUUSD 1H","symbol":"XAUUSD","tf":"1H","event":"SYSTEM_EVENT_cron_md","console_log":true,"ticker":false,"sound":null,"notification":true}
[2026-05-18T03:03:03.284Z] [SYSTEM_EVENT] {"message":"Market data cron: EURUSD 1H","symbol":"EURUSD","tf":"1H","event":"SYSTEM_EVENT_cron_md","console_log":true,"ticker":false,"sound":null,"notification":true}
[2026-05-18T03:03:03.285Z] [SYSTEM_EVENT] {"message":"Market data cron: GBPUSD 1H","symbol":"GBPUSD","tf":"1H","event":"SYSTEM_EVENT_cron_md","console_log":true,"ticker":false,"sound":null,"notification":true}
[2026-05-18T04:03:03.353Z] [SYSTEM_EVENT] {"message":"Market data cron: XAUUSD 1H","symbol":"XAUUSD","tf":"1H","event":"SYSTEM_EVENT_cron_md","console_log":true,"ticker":false,"sound":null,"notification":true}
[2026-05-18T04:03:03.354Z] [SYSTEM_EVENT] {"message":"Market data cron: EURUSD 1H","symbol":"EURUSD","tf":"1H","event":"SYSTEM_EVENT_cron_md","console_log":true,"ticker":false,"sound":null,"notification":true}
[2026-05-18T04:03:03.355Z] [SYSTEM_EVENT] {"message":"Market data cron: GBPUSD 1H","symbol":"GBPUSD","tf":"1H","event":"SYSTEM_EVENT_cron_md","console_log":true,"ticker":false,"sound":null,"notification":true}
[2026-05-18T05:03:03.462Z] [SYSTEM_EVENT] {"message":"Market data cron: XAUUSD 1H","symbol":"XAUUSD","tf":"1H","event":"SYSTEM_EVENT_cron_md","console_log":true,"ticker":false,"sound":null,"notification":true}
[2026-05-18T05:03:03.464Z] [SYSTEM_EVENT] {"message":"Market data cron: EURUSD 1H","symbol":"EURUSD","tf":"1H","event":"SYSTEM_EVENT_cron_md","console_log":true,"ticker":false,"sound":null,"notification":true}
[2026-05-18T05:03:03.465Z] [SYSTEM_EVENT] {"message":"Market data cron: GBPUSD 1H","symbol":"GBPUSD","tf":"1H","event":"SYSTEM_EVENT_cron_md","console_log":true,"ticker":false,"sound":null,"notification":true}
[2026-05-18T06:03:03.535Z] [SYSTEM_EVENT] {"message":"Market data cron: XAUUSD 1H","symbol":"XAUUSD","tf":"1H","event":"SYSTEM_EVENT_cron_md","console_log":true,"ticker":false,"sound":null,"notification":true}
[2026-05-18T06:03:03.538Z] [SYSTEM_EVENT] {"message":"Market data cron: EURUSD 1H","symbol":"EURUSD","tf":"1H","event":"SYSTEM_EVENT_cron_md","console_log":true,"ticker":false,"sound":null,"notification":true}
[2026-05-18T06:03:03.539Z] [SYSTEM_EVENT] {"message":"Market data cron: GBPUSD 1H","symbol":"GBPUSD","tf":"1H","event":"SYSTEM_EVENT_cron_md","console_log":true,"ticker":false,"sound":null,"notification":true}
[2026-05-18T06:03:03.542Z] [SYSTEM_EVENT] {"message":"Market data cron: XAUUSD 4H","symbol":"XAUUSD","tf":"4H","event":"SYSTEM_EVENT_cron_md","console_log":true,"ticker":false,"sound":null,"notification":true}
[2026-05-18T06:03:03.547Z] [SYSTEM_EVENT] {"message":"Market data cron: EURUSD 4H","symbol":"EURUSD","tf":"4H","event":"SYSTEM_EVENT_cron_md","console_log":true,"ticker":false,"sound":null,"notification":true}
[2026-05-18T06:03:03.551Z] [SYSTEM_EVENT] {"message":"Market data cron: GBPUSD 4H","symbol":"GBPUSD","tf":"4H","event":"SYSTEM_EVENT_cron_md","console_log":true,"ticker":false,"sound":null,"notification":true}
[2026-05-18T07:03:03.601Z] [SYSTEM_EVENT] {"message":"Market data cron: XAUUSD 1H","symbol":"XAUUSD","tf":"1H","event":"SYSTEM_EVENT_cron_md","console_log":true,"ticker":false,"sound":null,"notification":true}
[2026-05-18T07:03:03.603Z] [SYSTEM_EVENT] {"message":"Market data cron: EURUSD 1H","symbol":"EURUSD","tf":"1H","event":"SYSTEM_EVENT_cron_md","console_log":true,"ticker":false,"sound":null,"notification":true}
[2026-05-18T07:03:03.604Z] [SYSTEM_EVENT] {"message":"Market data cron: GBPUSD 1H","symbol":"GBPUSD","tf":"1H","event":"SYSTEM_EVENT_cron_md","console_log":true,"ticker":false,"sound":null,"notification":true}
[2026-05-18T08:03:03.684Z] [SYSTEM_EVENT] {"message":"Market data cron: XAUUSD 1H","symbol":"XAUUSD","tf":"1H","event":"SYSTEM_EVENT_cron_md","console_log":true,"ticker":false,"sound":null,"notification":true}
[2026-05-18T08:03:03.690Z] [SYSTEM_EVENT] {"message":"Market data cron: EURUSD 1H","symbol":"EURUSD","tf":"1H","event":"SYSTEM_EVENT_cron_md","console_log":true,"ticker":false,"sound":null,"notification":true}
[2026-05-18T08:03:03.691Z] [SYSTEM_EVENT] {"message":"Market data cron: GBPUSD 1H","symbol":"GBPUSD","tf":"1H","event":"SYSTEM_EVENT_cron_md","console_log":true,"ticker":false,"sound":null,"notification":true}
[2026-05-18T09:03:03.717Z] [SYSTEM_EVENT] {"message":"Market data cron: XAUUSD 1H","symbol":"XAUUSD","tf":"1H","event":"SYSTEM_EVENT_cron_md","console_log":true,"ticker":false,"sound":null,"notification":true}
[2026-05-18T09:03:03.721Z] [SYSTEM_EVENT] {"message":"Market data cron: EURUSD 1H","symbol":"EURUSD","tf":"1H","event":"SYSTEM_EVENT_cron_md","console_log":true,"ticker":false,"sound":null,"notification":true}
[2026-05-18T09:03:03.722Z] [SYSTEM_EVENT] {"message":"Market data cron: GBPUSD 1H","symbol":"GBPUSD","tf":"1H","event":"SYSTEM_EVENT_cron_md","console_log":true,"ticker":false,"sound":null,"notification":true}
[2026-05-18T10:03:03.899Z] [SYSTEM_EVENT] {"message":"Market data cron: XAUUSD 1H","symbol":"XAUUSD","tf":"1H","event":"SYSTEM_EVENT_cron_md","console_log":true,"ticker":false,"sound":null,"notification":true}
[2026-05-18T10:03:03.905Z] [SYSTEM_EVENT] {"message":"Market data cron: EURUSD 1H","symbol":"EURUSD","tf":"1H","event":"SYSTEM_EVENT_cron_md","console_log":true,"ticker":false,"sound":null,"notification":true}
[2026-05-18T10:03:03.906Z] [SYSTEM_EVENT] {"message":"Market data cron: GBPUSD 1H","symbol":"GBPUSD","tf":"1H","event":"SYSTEM_EVENT_cron_md","console_log":true,"ticker":false,"sound":null,"notification":true}
[2026-05-18T10:03:03.910Z] [SYSTEM_EVENT] {"message":"Market data cron: XAUUSD 4H","symbol":"XAUUSD","tf":"4H","event":"SYSTEM_EVENT_cron_md","console_log":true,"ticker":false,"sound":null,"notification":true}
[2026-05-18T10:03:03.916Z] [SYSTEM_EVENT] {"message":"Market data cron: EURUSD 4H","symbol":"EURUSD","tf":"4H","event":"SYSTEM_EVENT_cron_md","console_log":true,"ticker":false,"sound":null,"notification":true}
[2026-05-18T10:03:03.920Z] [SYSTEM_EVENT] {"message":"Market data cron: GBPUSD 4H","symbol":"GBPUSD","tf":"4H","event":"SYSTEM_EVENT_cron_md","console_log":true,"ticker":false,"sound":null,"notification":true}
[2026-05-18T11:03:03.967Z] [SYSTEM_EVENT] {"message":"Market data cron: XAUUSD 1H","symbol":"XAUUSD","tf":"1H","event":"SYSTEM_EVENT_cron_md","console_log":true,"ticker":false,"sound":null,"notification":true}
[2026-05-18T11:03:03.969Z] [SYSTEM_EVENT] {"message":"Market data cron: EURUSD 1H","symbol":"EURUSD","tf":"1H","event":"SYSTEM_EVENT_cron_md","console_log":true,"ticker":false,"sound":null,"notification":true}
[2026-05-18T11:03:03.970Z] [SYSTEM_EVENT] {"message":"Market data cron: GBPUSD 1H","symbol":"GBPUSD","tf":"1H","event":"SYSTEM_EVENT_cron_md","console_log":true,"ticker":false,"sound":null,"notification":true}
[2026-05-18T12:03:04.021Z] [SYSTEM_EVENT] {"message":"Market data cron: XAUUSD 1H","symbol":"XAUUSD","tf":"1H","event":"SYSTEM_EVENT_cron_md","console_log":true,"ticker":false,"sound":null,"notification":true}
[2026-05-18T12:03:04.025Z] [SYSTEM_EVENT] {"message":"Market data cron: EURUSD 1H","symbol":"EURUSD","tf":"1H","event":"SYSTEM_EVENT_cron_md","console_log":true,"ticker":false,"sound":null,"notification":true}
[2026-05-18T12:03:04.027Z] [SYSTEM_EVENT] {"message":"Market data cron: GBPUSD 1H","symbol":"GBPUSD","tf":"1H","event":"SYSTEM_EVENT_cron_md","console_log":true,"ticker":false,"sound":null,"notification":true}
[2026-05-18T13:03:04.066Z] [SYSTEM_EVENT] {"message":"Market data cron: XAUUSD 1H","symbol":"XAUUSD","tf":"1H","event":"SYSTEM_EVENT_cron_md","console_log":true,"ticker":false,"sound":null,"notification":true}
[2026-05-18T13:03:04.069Z] [SYSTEM_EVENT] {"message":"Market data cron: EURUSD 1H","symbol":"EURUSD","tf":"1H","event":"SYSTEM_EVENT_cron_md","console_log":true,"ticker":false,"sound":null,"notification":true}
[2026-05-18T13:03:04.070Z] [SYSTEM_EVENT] {"message":"Market data cron: GBPUSD 1H","symbol":"GBPUSD","tf":"1H","event":"SYSTEM_EVENT_cron_md","console_log":true,"ticker":false,"sound":null,"notification":true}
[2026-05-18T14:03:04.130Z] [SYSTEM_EVENT] {"message":"Market data cron: XAUUSD 1H","symbol":"XAUUSD","tf":"1H","event":"SYSTEM_EVENT_cron_md","console_log":true,"ticker":false,"sound":null,"notification":true}
[2026-05-18T14:03:04.131Z] [SYSTEM_EVENT] {"message":"Market data cron: EURUSD 1H","symbol":"EURUSD","tf":"1H","event":"SYSTEM_EVENT_cron_md","console_log":true,"ticker":false,"sound":null,"notification":true}
[2026-05-18T14:03:04.131Z] [SYSTEM_EVENT] {"message":"Market data cron: GBPUSD 1H","symbol":"GBPUSD","tf":"1H","event":"SYSTEM_EVENT_cron_md","console_log":true,"ticker":false,"sound":null,"notification":true}
[2026-05-18T14:03:04.133Z] [SYSTEM_EVENT] {"message":"Market data cron: XAUUSD 4H","symbol":"XAUUSD","tf":"4H","event":"SYSTEM_EVENT_cron_md","console_log":true,"ticker":false,"sound":null,"notification":true}
[2026-05-18T14:03:04.138Z] [SYSTEM_EVENT] {"message":"Market data cron: EURUSD 4H","symbol":"EURUSD","tf":"4H","event":"SYSTEM_EVENT_cron_md","console_log":true,"ticker":false,"sound":null,"notification":true}
[2026-05-18T14:03:04.138Z] [SYSTEM_EVENT] {"message":"Market data cron: GBPUSD 4H","symbol":"GBPUSD","tf":"4H","event":"SYSTEM_EVENT_cron_md","console_log":true,"ticker":false,"sound":null,"notification":true}
[2026-05-18T14:03:04.138Z] [SYSTEM_EVENT] {"message":"Market data cron: XAUUSD 1D","symbol":"XAUUSD","tf":"1D","event":"SYSTEM_EVENT_cron_md","console_log":true,"ticker":false,"sound":null,"notification":true}
[2026-05-18T14:03:04.139Z] [SYSTEM_EVENT] {"message":"Market data cron: EURUSD 1D","symbol":"EURUSD","tf":"1D","event":"SYSTEM_EVENT_cron_md","console_log":true,"ticker":false,"sound":null,"notification":true}
[2026-05-18T14:03:04.140Z] [SYSTEM_EVENT] {"message":"Market data cron: GBPUSD 1D","symbol":"GBPUSD","tf":"1D","event":"SYSTEM_EVENT_cron_md","console_log":true,"ticker":false,"sound":null,"notification":true}
[2026-05-18T15:03:04.176Z] [SYSTEM_EVENT] {"message":"Market data cron: XAUUSD 1H","symbol":"XAUUSD","tf":"1H","event":"SYSTEM_EVENT_cron_md","console_log":true,"ticker":false,"sound":null,"notification":true}
[2026-05-18T15:03:04.182Z] [SYSTEM_EVENT] {"message":"Market data cron: EURUSD 1H","symbol":"EURUSD","tf":"1H","event":"SYSTEM_EVENT_cron_md","console_log":true,"ticker":false,"sound":null,"notification":true}
[2026-05-18T15:03:04.183Z] [SYSTEM_EVENT] {"message":"Market data cron: GBPUSD 1H","symbol":"GBPUSD","tf":"1H","event":"SYSTEM_EVENT_cron_md","console_log":true,"ticker":false,"sound":null,"notification":true}
[2026-05-18T16:03:04.249Z] [SYSTEM_EVENT] {"message":"Market data cron: XAUUSD 1H","symbol":"XAUUSD","tf":"1H","event":"SYSTEM_EVENT_cron_md","console_log":true,"ticker":false,"sound":null,"notification":true}
[2026-05-18T16:03:04.250Z] [SYSTEM_EVENT] {"message":"Market data cron: EURUSD 1H","symbol":"EURUSD","tf":"1H","event":"SYSTEM_EVENT_cron_md","console_log":true,"ticker":false,"sound":null,"notification":true}
[2026-05-18T16:03:04.252Z] [SYSTEM_EVENT] {"message":"Market data cron: GBPUSD 1H","symbol":"GBPUSD","tf":"1H","event":"SYSTEM_EVENT_cron_md","console_log":true,"ticker":false,"sound":null,"notification":true}
[2026-05-18T17:03:04.369Z] [SYSTEM_EVENT] {"message":"Market data cron: XAUUSD 1H","symbol":"XAUUSD","tf":"1H","event":"SYSTEM_EVENT_cron_md","console_log":true,"ticker":false,"sound":null,"notification":true}
[2026-05-18T17:03:04.371Z] [SYSTEM_EVENT] {"message":"Market data cron: EURUSD 1H","symbol":"EURUSD","tf":"1H","event":"SYSTEM_EVENT_cron_md","console_log":true,"ticker":false,"sound":null,"notification":true}
[2026-05-18T17:03:04.372Z] [SYSTEM_EVENT] {"message":"Market data cron: GBPUSD 1H","symbol":"GBPUSD","tf":"1H","event":"SYSTEM_EVENT_cron_md","console_log":true,"ticker":false,"sound":null,"notification":true}
[2026-05-18T18:03:04.392Z] [SYSTEM_EVENT] {"message":"Market data cron: XAUUSD 1H","symbol":"XAUUSD","tf":"1H","event":"SYSTEM_EVENT_cron_md","console_log":true,"ticker":false,"sound":null,"notification":true}
[2026-05-18T18:03:04.392Z] [SYSTEM_EVENT] {"message":"Market data cron: EURUSD 1H","symbol":"EURUSD","tf":"1H","event":"SYSTEM_EVENT_cron_md","console_log":true,"ticker":false,"sound":null,"notification":true}
[2026-05-18T18:03:04.393Z] [SYSTEM_EVENT] {"message":"Market data cron: GBPUSD 1H","symbol":"GBPUSD","tf":"1H","event":"SYSTEM_EVENT_cron_md","console_log":true,"ticker":false,"sound":null,"notification":true}
[2026-05-18T18:03:04.397Z] [SYSTEM_EVENT] {"message":"Market data cron: XAUUSD 4H","symbol":"XAUUSD","tf":"4H","event":"SYSTEM_EVENT_cron_md","console_log":true,"ticker":false,"sound":null,"notification":true}
[2026-05-18T18:03:04.400Z] [SYSTEM_EVENT] {"message":"Market data cron: EURUSD 4H","symbol":"EURUSD","tf":"4H","event":"SYSTEM_EVENT_cron_md","console_log":true,"ticker":false,"sound":null,"notification":true}
[2026-05-18T18:03:04.404Z] [SYSTEM_EVENT] {"message":"Market data cron: GBPUSD 4H","symbol":"GBPUSD","tf":"4H","event":"SYSTEM_EVENT_cron_md","console_log":true,"ticker":false,"sound":null,"notification":true}
[2026-05-18T19:03:04.446Z] [SYSTEM_EVENT] {"message":"Market data cron: XAUUSD 1H","symbol":"XAUUSD","tf":"1H","event":"SYSTEM_EVENT_cron_md","console_log":true,"ticker":false,"sound":null,"notification":true}
[2026-05-18T19:03:04.446Z] [SYSTEM_EVENT] {"message":"Market data cron: EURUSD 1H","symbol":"EURUSD","tf":"1H","event":"SYSTEM_EVENT_cron_md","console_log":true,"ticker":false,"sound":null,"notification":true}
[2026-05-18T19:03:04.447Z] [SYSTEM_EVENT] {"message":"Market data cron: GBPUSD 1H","symbol":"GBPUSD","tf":"1H","event":"SYSTEM_EVENT_cron_md","console_log":true,"ticker":false,"sound":null,"notification":true}
[2026-05-18T20:03:04.506Z] [SYSTEM_EVENT] {"message":"Market data cron: XAUUSD 1H","symbol":"XAUUSD","tf":"1H","event":"SYSTEM_EVENT_cron_md","console_log":true,"ticker":false,"sound":null,"notification":true}
[2026-05-18T20:03:04.509Z] [SYSTEM_EVENT] {"message":"Market data cron: EURUSD 1H","symbol":"EURUSD","tf":"1H","event":"SYSTEM_EVENT_cron_md","console_log":true,"ticker":false,"sound":null,"notification":true}
[2026-05-18T20:03:04.509Z] [SYSTEM_EVENT] {"message":"Market data cron: GBPUSD 1H","symbol":"GBPUSD","tf":"1H","event":"SYSTEM_EVENT_cron_md","console_log":true,"ticker":false,"sound":null,"notification":true}
[2026-05-18T21:03:04.558Z] [SYSTEM_EVENT] {"message":"Market data cron: XAUUSD 1H","symbol":"XAUUSD","tf":"1H","event":"SYSTEM_EVENT_cron_md","console_log":true,"ticker":false,"sound":null,"notification":true}
[2026-05-18T21:03:04.560Z] [SYSTEM_EVENT] {"message":"Market data cron: EURUSD 1H","symbol":"EURUSD","tf":"1H","event":"SYSTEM_EVENT_cron_md","console_log":true,"ticker":false,"sound":null,"notification":true}
[2026-05-18T21:03:04.562Z] [SYSTEM_EVENT] {"message":"Market data cron: GBPUSD 1H","symbol":"GBPUSD","tf":"1H","event":"SYSTEM_EVENT_cron_md","console_log":true,"ticker":false,"sound":null,"notification":true}
[2026-05-18T22:03:04.641Z] [SYSTEM_EVENT] {"message":"Market data cron: XAUUSD 1H","symbol":"XAUUSD","tf":"1H","event":"SYSTEM_EVENT_cron_md","console_log":true,"ticker":false,"sound":null,"notification":true}
[2026-05-18T22:03:04.643Z] [SYSTEM_EVENT] {"message":"Market data cron: EURUSD 1H","symbol":"EURUSD","tf":"1H","event":"SYSTEM_EVENT_cron_md","console_log":true,"ticker":false,"sound":null,"notification":true}
[2026-05-18T22:03:04.644Z] [SYSTEM_EVENT] {"message":"Market data cron: GBPUSD 1H","symbol":"GBPUSD","tf":"1H","event":"SYSTEM_EVENT_cron_md","console_log":true,"ticker":false,"sound":null,"notification":true}
[2026-05-18T22:03:04.647Z] [SYSTEM_EVENT] {"message":"Market data cron: XAUUSD 4H","symbol":"XAUUSD","tf":"4H","event":"SYSTEM_EVENT_cron_md","console_log":true,"ticker":false,"sound":null,"notification":true}
[2026-05-18T22:03:04.659Z] [SYSTEM_EVENT] {"message":"Market data cron: EURUSD 4H","symbol":"EURUSD","tf":"4H","event":"SYSTEM_EVENT_cron_md","console_log":true,"ticker":false,"sound":null,"notification":true}
[2026-05-18T22:03:04.661Z] [SYSTEM_EVENT] {"message":"Market data cron: GBPUSD 4H","symbol":"GBPUSD","tf":"4H","event":"SYSTEM_EVENT_cron_md","console_log":true,"ticker":false,"sound":null,"notification":true}
[2026-05-18T23:03:04.763Z] [SYSTEM_EVENT] {"message":"Market data cron: XAUUSD 1H","symbol":"XAUUSD","tf":"1H","event":"SYSTEM_EVENT_cron_md","console_log":true,"ticker":false,"sound":null,"notification":true}
[2026-05-18T23:03:04.764Z] [SYSTEM_EVENT] {"message":"Market data cron: EURUSD 1H","symbol":"EURUSD","tf":"1H","event":"SYSTEM_EVENT_cron_md","console_log":true,"ticker":false,"sound":null,"notification":true}
[2026-05-18T23:03:04.766Z] [SYSTEM_EVENT] {"message":"Market data cron: GBPUSD 1H","symbol":"GBPUSD","tf":"1H","event":"SYSTEM_EVENT_cron_md","console_log":true,"ticker":false,"sound":null,"notification":true}
