[2026-05-16T10:22:32.248Z] [SYSTEM_EVENT] {"message":"Cron OK (0s): nothing to run","metadata":{"elapsed_sec":0,"events":[],"market_data":null,"ai_analysis":null},"event":"SYSTEM_EVENT_cron_tick","console_log":true,"ticker":false,"sound":null,"notification":true}
[2026-05-16T10:23:32.259Z] [SYSTEM_EVENT] {"message":"Cron OK (0s): nothing to run","metadata":{"elapsed_sec":0,"events":[],"market_data":null,"ai_analysis":null},"event":"SYSTEM_EVENT_cron_tick","console_log":true,"ticker":false,"sound":null,"notification":true}
[2026-05-16T10:24:32.260Z] [SYSTEM_EVENT] {"message":"Cron OK (0s): nothing to run","metadata":{"elapsed_sec":0,"events":[],"market_data":null,"ai_analysis":null},"event":"SYSTEM_EVENT_cron_tick","console_log":true,"ticker":false,"sound":null,"notification":true}
[2026-05-16T10:25:32.260Z] [SYSTEM_EVENT] {"message":"Cron OK (0s): nothing to run","metadata":{"elapsed_sec":0,"events":[],"market_data":null,"ai_analysis":null},"event":"SYSTEM_EVENT_cron_tick","console_log":true,"ticker":false,"sound":null,"notification":true}
[2026-05-16T10:26:32.259Z] [SYSTEM_EVENT] {"message":"Cron OK (0s): nothing to run","metadata":{"elapsed_sec":0,"events":[],"market_data":null,"ai_analysis":null},"event":"SYSTEM_EVENT_cron_tick","console_log":true,"ticker":false,"sound":null,"notification":true}
[2026-05-16T10:27:32.264Z] [SYSTEM_EVENT] {"message":"Cron OK (0s): nothing to run","metadata":{"elapsed_sec":0,"events":[],"market_data":null,"ai_analysis":null},"event":"SYSTEM_EVENT_cron_tick","console_log":true,"ticker":false,"sound":null,"notification":true}
[2026-05-16T10:28:32.260Z] [SYSTEM_EVENT] {"message":"Cron OK (0s): nothing to run","metadata":{"elapsed_sec":0,"events":[],"market_data":null,"ai_analysis":null},"event":"SYSTEM_EVENT_cron_tick","console_log":true,"ticker":false,"sound":null,"notification":true}
[2026-05-16T10:29:32.258Z] [SYSTEM_EVENT] {"message":"Cron OK (0s): nothing to run","metadata":{"elapsed_sec":0,"events":[],"market_data":null,"ai_analysis":null},"event":"SYSTEM_EVENT_cron_tick","console_log":true,"ticker":false,"sound":null,"notification":true}
[2026-05-16T10:30:32.259Z] [SYSTEM_EVENT] {"message":"Cron OK (0s): nothing to run","metadata":{"elapsed_sec":0,"events":[],"market_data":null,"ai_analysis":null},"event":"SYSTEM_EVENT_cron_tick","console_log":true,"ticker":false,"sound":null,"notification":true}
[2026-05-16T10:31:32.261Z] [SYSTEM_EVENT] {"message":"Cron OK (0s): nothing to run","metadata":{"elapsed_sec":0,"events":[],"market_data":null,"ai_analysis":null},"event":"SYSTEM_EVENT_cron_tick","console_log":true,"ticker":false,"sound":null,"notification":true}
[2026-05-16T10:32:32.268Z] [SYSTEM_EVENT] {"message":"Cron OK (0s): nothing to run","metadata":{"elapsed_sec":0,"events":[],"market_data":null,"ai_analysis":null},"event":"SYSTEM_EVENT_cron_tick","console_log":true,"ticker":false,"sound":null,"notification":true}
[2026-05-16T10:33:32.264Z] [SYSTEM_EVENT] {"message":"Cron OK (0s): nothing to run","metadata":{"elapsed_sec":0,"events":[],"market_data":null,"ai_analysis":null},"event":"SYSTEM_EVENT_cron_tick","console_log":true,"ticker":false,"sound":null,"notification":true}
[2026-05-16T10:34:32.268Z] [SYSTEM_EVENT] {"message":"Cron OK (0s): nothing to run","metadata":{"elapsed_sec":0,"events":[],"market_data":null,"ai_analysis":null},"event":"SYSTEM_EVENT_cron_tick","console_log":true,"ticker":false,"sound":null,"notification":true}
[2026-05-16T10:35:29.973Z] [SYSTEM_EVENT] {"message":"Cron OK (0s): nothing to run","metadata":{"elapsed_sec":0,"events":[],"market_data":null,"ai_analysis":null,"snapshots":null},"event":"SYSTEM_EVENT_cron_tick","console_log":true,"ticker":false,"sound":null,"notification":true}
[2026-05-16T10:36:30.010Z] [SYSTEM_EVENT] {"message":"Cron OK (0s): nothing to run","metadata":{"elapsed_sec":0,"events":[],"market_data":null,"ai_analysis":null,"snapshots":null},"event":"SYSTEM_EVENT_cron_tick","console_log":true,"ticker":false,"sound":null,"notification":true}
[2026-05-16T10:37:29.981Z] [SYSTEM_EVENT] {"message":"Cron OK (0s): nothing to run","metadata":{"elapsed_sec":0,"events":[],"market_data":null,"ai_analysis":null,"snapshots":null},"event":"SYSTEM_EVENT_cron_tick","console_log":true,"ticker":false,"sound":null,"notification":true}
[2026-05-16T10:38:29.987Z] [SYSTEM_EVENT] {"message":"Cron OK (0s): nothing to run","metadata":{"elapsed_sec":0,"events":[],"market_data":null,"ai_analysis":null,"snapshots":null},"event":"SYSTEM_EVENT_cron_tick","console_log":true,"ticker":false,"sound":null,"notification":true}
[2026-05-16T10:39:01.437Z] [SYSTEM_EVENT] {"message":"Cron ERROR: Custom Id cannot contain :","metadata":{"error":"Custom Id cannot contain :"},"event":"SYSTEM_EVENT_cron_error","console_log":true,"ticker":false,"sound":null,"notification":true}
[2026-05-16T10:40:01.411Z] [SYSTEM_EVENT] {"message":"Cron ERROR: Custom Id cannot contain :","metadata":{"error":"Custom Id cannot contain :"},"event":"SYSTEM_EVENT_cron_error","console_log":true,"ticker":false,"sound":null,"notification":true}
[2026-05-16T10:41:01.416Z] [SYSTEM_EVENT] {"message":"Cron ERROR: Custom Id cannot contain :","metadata":{"error":"Custom Id cannot contain :"},"event":"SYSTEM_EVENT_cron_error","console_log":true,"ticker":false,"sound":null,"notification":true}
[2026-05-16T10:42:24.807Z] [SYSTEM_EVENT] {"message":"Cron OK (23s): MarketData: 3 skipped; Snapshots: 12 captured (1 configs, 12 symbols, 0 errors)","metadata":{"elapsed_sec":23,"events":["MarketData: 3 skipped","Snapshots: 12 captured (1 configs, 12 symbols, 0 errors)"],"market_data":{"queued":0,"skipped":3,"configs":1,"errors":0},"ai_analysis":null,"snapshots":{"captured":12,"skipped":0,"configs":1,"errors":0}},"event":"SYSTEM_EVENT_cron_tick","console_log":true,"ticker":false,"sound":null,"notification":true}
[2026-05-16T10:43:01.426Z] [SYSTEM_EVENT] {"message":"Cron OK (0s): MarketData: 3 skipped; Snapshots: 1 skipped","metadata":{"elapsed_sec":0,"events":["MarketData: 3 skipped","Snapshots: 1 skipped"],"market_data":{"queued":0,"skipped":3,"configs":1,"errors":0},"ai_analysis":null,"snapshots":{"captured":0,"skipped":1,"configs":1,"errors":0}},"event":"SYSTEM_EVENT_cron_tick","console_log":true,"ticker":false,"sound":null,"notification":true}
[2026-05-16T10:44:01.434Z] [SYSTEM_EVENT] {"message":"Cron OK (0s): MarketData: 3 skipped; Snapshots: 1 skipped","metadata":{"elapsed_sec":0,"events":["MarketData: 3 skipped","Snapshots: 1 skipped"],"market_data":{"queued":0,"skipped":3,"configs":1,"errors":0},"ai_analysis":null,"snapshots":{"captured":0,"skipped":1,"configs":1,"errors":0}},"event":"SYSTEM_EVENT_cron_tick","console_log":true,"ticker":false,"sound":null,"notification":true}
[2026-05-16T10:44:45.707Z] [SYSTEM_EVENT] {"message":"Market data cron: XAUUSD 1H","symbol":"XAUUSD","tf":"1H","event":"SYSTEM_EVENT_cron_md","console_log":true,"ticker":false,"sound":null,"notification":true}
[2026-05-16T10:44:45.710Z] [SYSTEM_EVENT] {"message":"Market data cron: EURUSD 1H","symbol":"EURUSD","tf":"1H","event":"SYSTEM_EVENT_cron_md","console_log":true,"ticker":false,"sound":null,"notification":true}
[2026-05-16T10:44:45.710Z] [SYSTEM_EVENT] {"message":"Market data cron: GBPUSD 1H","symbol":"GBPUSD","tf":"1H","event":"SYSTEM_EVENT_cron_md","console_log":true,"ticker":false,"sound":null,"notification":true}
[2026-05-16T10:44:45.710Z] [SYSTEM_EVENT] {"message":"Market data cron: XAUUSD 4H","symbol":"XAUUSD","tf":"4H","event":"SYSTEM_EVENT_cron_md","console_log":true,"ticker":false,"sound":null,"notification":true}
[2026-05-16T10:44:45.721Z] [SYSTEM_EVENT] {"message":"Market data cron: EURUSD 4H","symbol":"EURUSD","tf":"4H","event":"SYSTEM_EVENT_cron_md","console_log":true,"ticker":false,"sound":null,"notification":true}
[2026-05-16T10:44:45.721Z] [SYSTEM_EVENT] {"message":"Market data cron: GBPUSD 4H","symbol":"GBPUSD","tf":"4H","event":"SYSTEM_EVENT_cron_md","console_log":true,"ticker":false,"sound":null,"notification":true}
[2026-05-16T10:44:45.721Z] [SYSTEM_EVENT] {"message":"Market data cron: XAUUSD 1D","symbol":"XAUUSD","tf":"1D","event":"SYSTEM_EVENT_cron_md","console_log":true,"ticker":false,"sound":null,"notification":true}
[2026-05-16T10:44:45.721Z] [SYSTEM_EVENT] {"message":"Market data cron: EURUSD 1D","symbol":"EURUSD","tf":"1D","event":"SYSTEM_EVENT_cron_md","console_log":true,"ticker":false,"sound":null,"notification":true}
[2026-05-16T10:44:45.723Z] [SYSTEM_EVENT] {"message":"Market data cron: GBPUSD 1D","symbol":"GBPUSD","tf":"1D","event":"SYSTEM_EVENT_cron_md","console_log":true,"ticker":false,"sound":null,"notification":true}
[2026-05-16T11:44:45.774Z] [SYSTEM_EVENT] {"message":"Market data cron: XAUUSD 1H","symbol":"XAUUSD","tf":"1H","event":"SYSTEM_EVENT_cron_md","console_log":true,"ticker":false,"sound":null,"notification":true}
[2026-05-16T11:44:45.776Z] [SYSTEM_EVENT] {"message":"Market data cron: EURUSD 1H","symbol":"EURUSD","tf":"1H","event":"SYSTEM_EVENT_cron_md","console_log":true,"ticker":false,"sound":null,"notification":true}
[2026-05-16T11:44:45.778Z] [SYSTEM_EVENT] {"message":"Market data cron: GBPUSD 1H","symbol":"GBPUSD","tf":"1H","event":"SYSTEM_EVENT_cron_md","console_log":true,"ticker":false,"sound":null,"notification":true}
[2026-05-16T12:44:45.780Z] [SYSTEM_EVENT] {"message":"Market data cron: XAUUSD 1H","symbol":"XAUUSD","tf":"1H","event":"SYSTEM_EVENT_cron_md","console_log":true,"ticker":false,"sound":null,"notification":true}
[2026-05-16T12:44:45.785Z] [SYSTEM_EVENT] {"message":"Market data cron: EURUSD 1H","symbol":"EURUSD","tf":"1H","event":"SYSTEM_EVENT_cron_md","console_log":true,"ticker":false,"sound":null,"notification":true}
[2026-05-16T12:44:45.788Z] [SYSTEM_EVENT] {"message":"Market data cron: GBPUSD 1H","symbol":"GBPUSD","tf":"1H","event":"SYSTEM_EVENT_cron_md","console_log":true,"ticker":false,"sound":null,"notification":true}
[2026-05-16T13:44:45.894Z] [SYSTEM_EVENT] {"message":"Market data cron: XAUUSD 1H","symbol":"XAUUSD","tf":"1H","event":"SYSTEM_EVENT_cron_md","console_log":true,"ticker":false,"sound":null,"notification":true}
[2026-05-16T13:44:45.899Z] [SYSTEM_EVENT] {"message":"Market data cron: EURUSD 1H","symbol":"EURUSD","tf":"1H","event":"SYSTEM_EVENT_cron_md","console_log":true,"ticker":false,"sound":null,"notification":true}
[2026-05-16T13:44:45.900Z] [SYSTEM_EVENT] {"message":"Market data cron: GBPUSD 1H","symbol":"GBPUSD","tf":"1H","event":"SYSTEM_EVENT_cron_md","console_log":true,"ticker":false,"sound":null,"notification":true}
[2026-05-16T14:03:00.596Z] [SYSTEM_EVENT] {"message":"Market data cron: XAUUSD 1H","symbol":"XAUUSD","tf":"1H","event":"SYSTEM_EVENT_cron_md","console_log":true,"ticker":false,"sound":null,"notification":true}
[2026-05-16T14:03:00.597Z] [SYSTEM_EVENT] {"message":"Market data cron: EURUSD 1H","symbol":"EURUSD","tf":"1H","event":"SYSTEM_EVENT_cron_md","console_log":true,"ticker":false,"sound":null,"notification":true}
[2026-05-16T14:03:00.598Z] [SYSTEM_EVENT] {"message":"Market data cron: GBPUSD 1H","symbol":"GBPUSD","tf":"1H","event":"SYSTEM_EVENT_cron_md","console_log":true,"ticker":false,"sound":null,"notification":true}
[2026-05-16T14:03:00.599Z] [SYSTEM_EVENT] {"message":"Market data cron: XAUUSD 4H","symbol":"XAUUSD","tf":"4H","event":"SYSTEM_EVENT_cron_md","console_log":true,"ticker":false,"sound":null,"notification":true}
[2026-05-16T14:03:00.606Z] [SYSTEM_EVENT] {"message":"Market data cron: EURUSD 4H","symbol":"EURUSD","tf":"4H","event":"SYSTEM_EVENT_cron_md","console_log":true,"ticker":false,"sound":null,"notification":true}
[2026-05-16T14:03:00.607Z] [SYSTEM_EVENT] {"message":"Market data cron: GBPUSD 4H","symbol":"GBPUSD","tf":"4H","event":"SYSTEM_EVENT_cron_md","console_log":true,"ticker":false,"sound":null,"notification":true}
[2026-05-16T15:03:00.612Z] [SYSTEM_EVENT] {"message":"Market data cron: XAUUSD 1H","symbol":"XAUUSD","tf":"1H","event":"SYSTEM_EVENT_cron_md","console_log":true,"ticker":false,"sound":null,"notification":true}
[2026-05-16T15:03:00.615Z] [SYSTEM_EVENT] {"message":"Market data cron: EURUSD 1H","symbol":"EURUSD","tf":"1H","event":"SYSTEM_EVENT_cron_md","console_log":true,"ticker":false,"sound":null,"notification":true}
[2026-05-16T15:03:00.616Z] [SYSTEM_EVENT] {"message":"Market data cron: GBPUSD 1H","symbol":"GBPUSD","tf":"1H","event":"SYSTEM_EVENT_cron_md","console_log":true,"ticker":false,"sound":null,"notification":true}
[2026-05-16T16:03:00.670Z] [SYSTEM_EVENT] {"message":"Market data cron: XAUUSD 1H","symbol":"XAUUSD","tf":"1H","event":"SYSTEM_EVENT_cron_md","console_log":true,"ticker":false,"sound":null,"notification":true}
[2026-05-16T16:03:00.672Z] [SYSTEM_EVENT] {"message":"Market data cron: EURUSD 1H","symbol":"EURUSD","tf":"1H","event":"SYSTEM_EVENT_cron_md","console_log":true,"ticker":false,"sound":null,"notification":true}
[2026-05-16T16:03:00.673Z] [SYSTEM_EVENT] {"message":"Market data cron: GBPUSD 1H","symbol":"GBPUSD","tf":"1H","event":"SYSTEM_EVENT_cron_md","console_log":true,"ticker":false,"sound":null,"notification":true}
[2026-05-16T17:03:00.727Z] [SYSTEM_EVENT] {"message":"Market data cron: XAUUSD 1H","symbol":"XAUUSD","tf":"1H","event":"SYSTEM_EVENT_cron_md","console_log":true,"ticker":false,"sound":null,"notification":true}
[2026-05-16T17:03:00.734Z] [SYSTEM_EVENT] {"message":"Market data cron: EURUSD 1H","symbol":"EURUSD","tf":"1H","event":"SYSTEM_EVENT_cron_md","console_log":true,"ticker":false,"sound":null,"notification":true}
[2026-05-16T17:03:00.735Z] [SYSTEM_EVENT] {"message":"Market data cron: GBPUSD 1H","symbol":"GBPUSD","tf":"1H","event":"SYSTEM_EVENT_cron_md","console_log":true,"ticker":false,"sound":null,"notification":true}
[2026-05-16T18:03:00.788Z] [SYSTEM_EVENT] {"message":"Market data cron: XAUUSD 1H","symbol":"XAUUSD","tf":"1H","event":"SYSTEM_EVENT_cron_md","console_log":true,"ticker":false,"sound":null,"notification":true}
[2026-05-16T18:03:00.794Z] [SYSTEM_EVENT] {"message":"Market data cron: EURUSD 1H","symbol":"EURUSD","tf":"1H","event":"SYSTEM_EVENT_cron_md","console_log":true,"ticker":false,"sound":null,"notification":true}
[2026-05-16T18:03:00.795Z] [SYSTEM_EVENT] {"message":"Market data cron: GBPUSD 1H","symbol":"GBPUSD","tf":"1H","event":"SYSTEM_EVENT_cron_md","console_log":true,"ticker":false,"sound":null,"notification":true}
[2026-05-16T18:03:00.800Z] [SYSTEM_EVENT] {"message":"Market data cron: XAUUSD 4H","symbol":"XAUUSD","tf":"4H","event":"SYSTEM_EVENT_cron_md","console_log":true,"ticker":false,"sound":null,"notification":true}
[2026-05-16T18:03:00.810Z] [SYSTEM_EVENT] {"message":"Market data cron: EURUSD 4H","symbol":"EURUSD","tf":"4H","event":"SYSTEM_EVENT_cron_md","console_log":true,"ticker":false,"sound":null,"notification":true}
[2026-05-16T18:03:00.815Z] [SYSTEM_EVENT] {"message":"Market data cron: GBPUSD 4H","symbol":"GBPUSD","tf":"4H","event":"SYSTEM_EVENT_cron_md","console_log":true,"ticker":false,"sound":null,"notification":true}
[2026-05-16T19:03:00.863Z] [SYSTEM_EVENT] {"message":"Market data cron: XAUUSD 1H","symbol":"XAUUSD","tf":"1H","event":"SYSTEM_EVENT_cron_md","console_log":true,"ticker":false,"sound":null,"notification":true}
[2026-05-16T19:03:00.867Z] [SYSTEM_EVENT] {"message":"Market data cron: EURUSD 1H","symbol":"EURUSD","tf":"1H","event":"SYSTEM_EVENT_cron_md","console_log":true,"ticker":false,"sound":null,"notification":true}
[2026-05-16T19:03:00.868Z] [SYSTEM_EVENT] {"message":"Market data cron: GBPUSD 1H","symbol":"GBPUSD","tf":"1H","event":"SYSTEM_EVENT_cron_md","console_log":true,"ticker":false,"sound":null,"notification":true}
[2026-05-16T20:03:00.893Z] [SYSTEM_EVENT] {"message":"Market data cron: XAUUSD 1H","symbol":"XAUUSD","tf":"1H","event":"SYSTEM_EVENT_cron_md","console_log":true,"ticker":false,"sound":null,"notification":true}
[2026-05-16T20:03:00.895Z] [SYSTEM_EVENT] {"message":"Market data cron: EURUSD 1H","symbol":"EURUSD","tf":"1H","event":"SYSTEM_EVENT_cron_md","console_log":true,"ticker":false,"sound":null,"notification":true}
[2026-05-16T20:03:00.897Z] [SYSTEM_EVENT] {"message":"Market data cron: GBPUSD 1H","symbol":"GBPUSD","tf":"1H","event":"SYSTEM_EVENT_cron_md","console_log":true,"ticker":false,"sound":null,"notification":true}
[2026-05-16T21:03:00.987Z] [SYSTEM_EVENT] {"message":"Market data cron: XAUUSD 1H","symbol":"XAUUSD","tf":"1H","event":"SYSTEM_EVENT_cron_md","console_log":true,"ticker":false,"sound":null,"notification":true}
[2026-05-16T21:03:00.989Z] [SYSTEM_EVENT] {"message":"Market data cron: EURUSD 1H","symbol":"EURUSD","tf":"1H","event":"SYSTEM_EVENT_cron_md","console_log":true,"ticker":false,"sound":null,"notification":true}
[2026-05-16T21:03:00.991Z] [SYSTEM_EVENT] {"message":"Market data cron: GBPUSD 1H","symbol":"GBPUSD","tf":"1H","event":"SYSTEM_EVENT_cron_md","console_log":true,"ticker":false,"sound":null,"notification":true}
[2026-05-16T22:03:01.041Z] [SYSTEM_EVENT] {"message":"Market data cron: XAUUSD 1H","symbol":"XAUUSD","tf":"1H","event":"SYSTEM_EVENT_cron_md","console_log":true,"ticker":false,"sound":null,"notification":true}
[2026-05-16T22:03:01.043Z] [SYSTEM_EVENT] {"message":"Market data cron: EURUSD 1H","symbol":"EURUSD","tf":"1H","event":"SYSTEM_EVENT_cron_md","console_log":true,"ticker":false,"sound":null,"notification":true}
[2026-05-16T22:03:01.045Z] [SYSTEM_EVENT] {"message":"Market data cron: GBPUSD 1H","symbol":"GBPUSD","tf":"1H","event":"SYSTEM_EVENT_cron_md","console_log":true,"ticker":false,"sound":null,"notification":true}
[2026-05-16T22:03:01.050Z] [SYSTEM_EVENT] {"message":"Market data cron: XAUUSD 4H","symbol":"XAUUSD","tf":"4H","event":"SYSTEM_EVENT_cron_md","console_log":true,"ticker":false,"sound":null,"notification":true}
[2026-05-16T22:03:01.064Z] [SYSTEM_EVENT] {"message":"Market data cron: EURUSD 4H","symbol":"EURUSD","tf":"4H","event":"SYSTEM_EVENT_cron_md","console_log":true,"ticker":false,"sound":null,"notification":true}
[2026-05-16T22:03:01.065Z] [SYSTEM_EVENT] {"message":"Market data cron: GBPUSD 4H","symbol":"GBPUSD","tf":"4H","event":"SYSTEM_EVENT_cron_md","console_log":true,"ticker":false,"sound":null,"notification":true}
[2026-05-16T23:03:01.150Z] [SYSTEM_EVENT] {"message":"Market data cron: XAUUSD 1H","symbol":"XAUUSD","tf":"1H","event":"SYSTEM_EVENT_cron_md","console_log":true,"ticker":false,"sound":null,"notification":true}
[2026-05-16T23:03:01.155Z] [SYSTEM_EVENT] {"message":"Market data cron: EURUSD 1H","symbol":"EURUSD","tf":"1H","event":"SYSTEM_EVENT_cron_md","console_log":true,"ticker":false,"sound":null,"notification":true}
[2026-05-16T23:03:01.157Z] [SYSTEM_EVENT] {"message":"Market data cron: GBPUSD 1H","symbol":"GBPUSD","tf":"1H","event":"SYSTEM_EVENT_cron_md","console_log":true,"ticker":false,"sound":null,"notification":true}
